Archive member included to satisfy reference by file (symbol)

c:/st/stm32cubeide_1.12.1/stm32cubeide/plugins/com.st.stm32cube.ide.mcu.externaltools.gnu-tools-for-stm32.10.3-2021.10.win32_1.0.200.202301161003/tools/bin/../lib/gcc/arm-none-eabi/10.3.1/../../../../arm-none-eabi/lib/thumb/v7e-m+fp/hard\libc_nano.a(lib_a-errno.o)
                              ./Core/Src/syscalls.o (__errno)
c:/st/stm32cubeide_1.12.1/stm32cubeide/plugins/com.st.stm32cube.ide.mcu.externaltools.gnu-tools-for-stm32.10.3-2021.10.win32_1.0.200.202301161003/tools/bin/../lib/gcc/arm-none-eabi/10.3.1/../../../../arm-none-eabi/lib/thumb/v7e-m+fp/hard\libc_nano.a(lib_a-exit.o)
                              c:/st/stm32cubeide_1.12.1/stm32cubeide/plugins/com.st.stm32cube.ide.mcu.externaltools.gnu-tools-for-stm32.10.3-2021.10.win32_1.0.200.202301161003/tools/bin/../lib/gcc/arm-none-eabi/10.3.1/../../../../arm-none-eabi/lib/thumb/v7e-m+fp/hard/crt0.o (exit)
c:/st/stm32cubeide_1.12.1/stm32cubeide/plugins/com.st.stm32cube.ide.mcu.externaltools.gnu-tools-for-stm32.10.3-2021.10.win32_1.0.200.202301161003/tools/bin/../lib/gcc/arm-none-eabi/10.3.1/../../../../arm-none-eabi/lib/thumb/v7e-m+fp/hard\libc_nano.a(lib_a-impure.o)
                              c:/st/stm32cubeide_1.12.1/stm32cubeide/plugins/com.st.stm32cube.ide.mcu.externaltools.gnu-tools-for-stm32.10.3-2021.10.win32_1.0.200.202301161003/tools/bin/../lib/gcc/arm-none-eabi/10.3.1/../../../../arm-none-eabi/lib/thumb/v7e-m+fp/hard\libc_nano.a(lib_a-exit.o) (_global_impure_ptr)
c:/st/stm32cubeide_1.12.1/stm32cubeide/plugins/com.st.stm32cube.ide.mcu.externaltools.gnu-tools-for-stm32.10.3-2021.10.win32_1.0.200.202301161003/tools/bin/../lib/gcc/arm-none-eabi/10.3.1/../../../../arm-none-eabi/lib/thumb/v7e-m+fp/hard\libc_nano.a(lib_a-init.o)
                              c:/st/stm32cubeide_1.12.1/stm32cubeide/plugins/com.st.stm32cube.ide.mcu.externaltools.gnu-tools-for-stm32.10.3-2021.10.win32_1.0.200.202301161003/tools/bin/../lib/gcc/arm-none-eabi/10.3.1/../../../../arm-none-eabi/lib/thumb/v7e-m+fp/hard/crt0.o (__libc_init_array)
c:/st/stm32cubeide_1.12.1/stm32cubeide/plugins/com.st.stm32cube.ide.mcu.externaltools.gnu-tools-for-stm32.10.3-2021.10.win32_1.0.200.202301161003/tools/bin/../lib/gcc/arm-none-eabi/10.3.1/../../../../arm-none-eabi/lib/thumb/v7e-m+fp/hard\libc_nano.a(lib_a-memcpy-stub.o)
                              ./Core/Src/disp1color.o (memcpy)
c:/st/stm32cubeide_1.12.1/stm32cubeide/plugins/com.st.stm32cube.ide.mcu.externaltools.gnu-tools-for-stm32.10.3-2021.10.win32_1.0.200.202301161003/tools/bin/../lib/gcc/arm-none-eabi/10.3.1/../../../../arm-none-eabi/lib/thumb/v7e-m+fp/hard\libc_nano.a(lib_a-memset.o)
                              c:/st/stm32cubeide_1.12.1/stm32cubeide/plugins/com.st.stm32cube.ide.mcu.externaltools.gnu-tools-for-stm32.10.3-2021.10.win32_1.0.200.202301161003/tools/bin/../lib/gcc/arm-none-eabi/10.3.1/../../../../arm-none-eabi/lib/thumb/v7e-m+fp/hard/crt0.o (memset)
c:/st/stm32cubeide_1.12.1/stm32cubeide/plugins/com.st.stm32cube.ide.mcu.externaltools.gnu-tools-for-stm32.10.3-2021.10.win32_1.0.200.202301161003/tools/bin/../lib/gcc/arm-none-eabi/10.3.1/../../../../arm-none-eabi/lib/thumb/v7e-m+fp/hard\libc_nano.a(lib_a-printf.o)
                              ./Core/Src/disp1color.o (printf)
c:/st/stm32cubeide_1.12.1/stm32cubeide/plugins/com.st.stm32cube.ide.mcu.externaltools.gnu-tools-for-stm32.10.3-2021.10.win32_1.0.200.202301161003/tools/bin/../lib/gcc/arm-none-eabi/10.3.1/../../../../arm-none-eabi/lib/thumb/v7e-m+fp/hard\libc_nano.a(lib_a-strlen.o)
                              ./Core/Src/main.o (strlen)
c:/st/stm32cubeide_1.12.1/stm32cubeide/plugins/com.st.stm32cube.ide.mcu.externaltools.gnu-tools-for-stm32.10.3-2021.10.win32_1.0.200.202301161003/tools/bin/../lib/gcc/arm-none-eabi/10.3.1/../../../../arm-none-eabi/lib/thumb/v7e-m+fp/hard\libc_nano.a(lib_a-vsnprintf.o)
                              ./Core/Src/disp1color.o (vsnprintf)
c:/st/stm32cubeide_1.12.1/stm32cubeide/plugins/com.st.stm32cube.ide.mcu.externaltools.gnu-tools-for-stm32.10.3-2021.10.win32_1.0.200.202301161003/tools/bin/../lib/gcc/arm-none-eabi/10.3.1/../../../../arm-none-eabi/lib/thumb/v7e-m+fp/hard\libc_nano.a(lib_a-findfp.o)
                              c:/st/stm32cubeide_1.12.1/stm32cubeide/plugins/com.st.stm32cube.ide.mcu.externaltools.gnu-tools-for-stm32.10.3-2021.10.win32_1.0.200.202301161003/tools/bin/../lib/gcc/arm-none-eabi/10.3.1/../../../../arm-none-eabi/lib/thumb/v7e-m+fp/hard\libc_nano.a(lib_a-printf.o) (__sinit)
c:/st/stm32cubeide_1.12.1/stm32cubeide/plugins/com.st.stm32cube.ide.mcu.externaltools.gnu-tools-for-stm32.10.3-2021.10.win32_1.0.200.202301161003/tools/bin/../lib/gcc/arm-none-eabi/10.3.1/../../../../arm-none-eabi/lib/thumb/v7e-m+fp/hard\libc_nano.a(lib_a-fwalk.o)
[...]
Memory Configuration

Name             Origin             Length             Attributes
RAM              0x0000000020000000 0x0000000000020000 xrw
FLASH            0x0000000008000000 0x0000000000080000 xr
*default*        0x0000000000000000 0xffffffffffffffff

Linker script and memory map

LOAD c:/st/stm32cubeide_1.12.1/stm32cubeide/plugins/com.st.stm32cube.ide.mcu.externaltools.gnu-tools-for-stm32.10.3-2021.10.win32_1.0.200.202301161003/tools/bin/../lib/gcc/arm-none-eabi/10.3.1/thumb/v7e-m+fp/hard/crti.o
LOAD c:/st/stm32cubeide_1.12.1/stm32cubeide/plugins/com.st.stm32cube.ide.mcu.externaltools.gnu-tools-for-stm32.10.3-2021.10.win32_1.0.200.202301161003/tools/bin/../lib/gcc/arm-none-eabi/10.3.1/thumb/v7e-m+fp/hard/crtbegin.o
LOAD c:/st/stm32cubeide_1.12.1/stm32cubeide/plugins/com.st.stm32cube.ide.mcu.externaltools.gnu-tools-for-stm32.10.3-2021.10.win32_1.0.200.202301161003/tools/bin/../lib/gcc/arm-none-eabi/10.3.1/../../../../arm-none-eabi/lib/thumb/v7e-m+fp/hard/crt0.o
LOAD ./Core/Src/FlappyBird.o
LOAD ./Core/Src/adc.o
LOAD ./Core/Src/disp1color.o
LOAD ./Core/Src/f10x16f.o
LOAD ./Core/Src/f6x8m.o
LOAD ./Core/Src/font.o
LOAD ./Core/Src/gpio.o
LOAD ./Core/Src/main.o
LOAD ./Core/Src/median.o
LOAD ./Core/Src/spi.o
LOAD ./Core/Src/stm32f4xx_hal_msp.o
LOAD ./Core/Src/stm32f4xx_it.o
LOAD ./Core/Src/syscalls.o
LOAD ./Core/Src/sysmem.o
LOAD ./Core/Src/system_stm32f4xx.o
LOAD ./Core/Src/tim.o
LOAD ./Core/Startup/startup_stm32f411vetx.o
LOAD ./Drivers/STM32F4xx_HAL_Driver/Src/stm32f4xx_hal.o
LOAD ./Drivers/STM32F4xx_HAL_Driver/Src/stm32f4xx_hal_adc.o
LOAD ./Drivers/STM32F4xx_HAL_Driver/Src/stm32f4xx_hal_adc_ex.o
LOAD ./Drivers/STM32F4xx_HAL_Driver/Src/stm32f4xx_hal_cortex.o
LOAD ./Drivers/STM32F4xx_HAL_Driver/Src/stm32f4xx_hal_dma.o
LOAD ./Drivers/STM32F4xx_HAL_Driver/Src/stm32f4xx_hal_dma_ex.o
LOAD ./Drivers/STM32F4xx_HAL_Driver/Src/stm32f4xx_hal_exti.o
LOAD ./Drivers/STM32F4xx_HAL_Driver/Src/stm32f4xx_hal_flash.o
LOAD ./Drivers/STM32F4xx_HAL_Driver/Src/stm32f4xx_hal_flash_ex.o
LOAD ./Drivers/STM32F4xx_HAL_Driver/Src/stm32f4xx_hal_flash_ramfunc.o
LOAD ./Drivers/STM32F4xx_HAL_Driver/Src/stm32f4xx_hal_gpio.o
LOAD ./Drivers/STM32F4xx_HAL_Driver/Src/stm32f4xx_hal_pwr.o
LOAD ./Drivers/STM32F4xx_HAL_Driver/Src/stm32f4xx_hal_pwr_ex.o
LOAD ./Drivers/STM32F4xx_HAL_Driver/Src/stm32f4xx_hal_rcc.o
LOAD ./Drivers/STM32F4xx_HAL_Driver/Src/stm32f4xx_hal_rcc_ex.o
LOAD ./Drivers/STM32F4xx_HAL_Driver/Src/stm32f4xx_hal_spi.o
LOAD ./Drivers/STM32F4xx_HAL_Driver/Src/stm32f4xx_hal_tim.o
LOAD ./Drivers/STM32F4xx_HAL_Driver/Src/stm32f4xx_hal_tim_ex.o
LOAD ./Drivers/STM32F4xx_HAL_Driver/Src/stm32f4xx_ll_adc.o
START GROUP
LOAD c:/st/stm32cubeide_1.12.1/stm32cubeide/plugins/com.st.stm32cube.ide.mcu.externaltools.gnu-tools-for-stm32.10.3-2021.10.win32_1.0.200.202301161003/tools/bin/../lib/gcc/arm-none-eabi/10.3.1/../../../../arm-none-eabi/lib/thumb/v7e-m+fp/hard\libc_nano.a
LOAD c:/st/stm32cubeide_1.12.1/stm32cubeide/plugins/com.st.stm32cube.ide.mcu.externaltools.gnu-tools-for-stm32.10.3-2021.10.win32_1.0.200.202301161003/tools/bin/../lib/gcc/arm-none-eabi/10.3.1/../../../../arm-none-eabi/lib/thumb/v7e-m+fp/hard\libm.a
END GROUP
START GROUP
LOAD c:/st/stm32cubeide_1.12.1/stm32cubeide/plugins/com.st.stm32cube.ide.mcu.externaltools.gnu-tools-for-stm32.10.3-2021.10.win32_1.0.200.202301161003/tools/bin/../lib/gcc/arm-none-eabi/10.3.1/thumb/v7e-m+fp/hard\libgcc.a
LOAD c:/st/stm32cubeide_1.12.1/stm32cubeide/plugins/com.st.stm32cube.ide.mcu.externaltools.gnu-tools-for-stm32.10.3-2021.10.win32_1.0.200.202301161003/tools/bin/../lib/gcc/arm-none-eabi/10.3.1/../../../../arm-none-eabi/lib/thumb/v7e-m+fp/hard\libc_nano.a
END GROUP
START GROUP
LOAD c:/st/stm32cubeide_1.12.1/stm32cubeide/plugins/com.st.stm32cube.ide.mcu.externaltools.gnu-tools-for-stm32.10.3-2021.10.win32_1.0.200.202301161003/tools/bin/../lib/gcc/arm-none-eabi/10.3.1/thumb/v7e-m+fp/hard\libgcc.a
LOAD c:/st/stm32cubeide_1.12.1/stm32cubeide/plugins/com.st.stm32cube.ide.mcu.externaltools.gnu-tools-for-stm32.10.3-2021.10.win32_1.0.200.202301161003/tools/bin/../lib/gcc/arm-none-eabi/10.3.1/../../../../arm-none-eabi/lib/thumb/v7e-m+fp/hard\libc_nano.a
LOAD c:/st/stm32cubeide_1.12.1/stm32cubeide/plugins/com.st.stm32cube.ide.mcu.externaltools.gnu-tools-for-stm32.10.3-2021.10.win32_1.0.200.202301161003/tools/bin/../lib/gcc/arm-none-eabi/10.3.1/../../../../arm-none-eabi/lib/thumb/v7e-m+fp/hard\libnosys.a
END GROUP
START GROUP
LOAD c:/st/stm32cubeide_1.12.1/stm32cubeide/plugins/com.st.stm32cube.ide.mcu.externaltools.gnu-tools-for-stm32.10.3-2021.10.win32_1.0.200.202301161003/tools/bin/../lib/gcc/arm-none-eabi/10.3.1/thumb/v7e-m+fp/hard\libgcc.a
LOAD c:/st/stm32cubeide_1.12.1/stm32cubeide/plugins/com.st.stm32cube.ide.mcu.externaltools.gnu-tools-for-stm32.10.3-2021.10.win32_1.0.200.202301161003/tools/bin/../lib/gcc/arm-none-eabi/10.3.1/../../../../arm-none-eabi/lib/thumb/v7e-m+fp/hard\libc_nano.a
LOAD c:/st/stm32cubeide_1.12.1/stm32cubeide/plugins/com.st.stm32cube.ide.mcu.externaltools.gnu-tools-for-stm32.10.3-2021.10.win32_1.0.200.202301161003/tools/bin/../lib/gcc/arm-none-eabi/10.3.1/../../../../arm-none-eabi/lib/thumb/v7e-m+fp/hard\libnosys.a
END GROUP
LOAD c:/st/stm32cubeide_1.12.1/stm32cubeide/plugins/com.st.stm32cube.ide.mcu.externaltools.gnu-tools-for-stm32.10.3-2021.10.win32_1.0.200.202301161003/tools/bin/../lib/gcc/arm-none-eabi/10.3.1/thumb/v7e-m+fp/hard/crtend.o
LOAD c:/st/stm32cubeide_1.12.1/stm32cubeide/plugins/com.st.stm32cube.ide.mcu.externaltools.gnu-tools-for-stm32.10.3-2021.10.win32_1.0.200.202301161003/tools/bin/../lib/gcc/arm-none-eabi/10.3.1/thumb/v7e-m+fp/hard/crtn.o
                0x0000000020020000                _estack = (ORIGIN (RAM) + LENGTH (RAM))
                0x0000000000000200                _Min_Heap_Size = 0x200
                0x0000000000000400                _Min_Stack_Size = 0x400

.isr_vector     0x0000000008000000      0x198
                0x0000000008000000                . = ALIGN (0x4)
 *(.isr_vector)
 .isr_vector    0x0000000008000000      0x198 ./Core/Startup/startup_stm32f411vetx.o
                0x0000000008000000                g_pfnVectors
                0x0000000008000198                . = ALIGN (0x4)

.text           0x00000000080001a0     0x4d14
                0x00000000080001a0                . = ALIGN (0x4)
 *(.text)
 .text          0x00000000080001a0       0x40 c:/st/stm32cubeide_1.12.1/stm32cubeide/plugins/com.st.stm32cube.ide.mcu.externaltools.gnu-tools-for-stm32.10.3-2021.10.win32_1.0.200.202301161003/tools/bin/../lib/gcc/arm-none-eabi/10.3.1/thumb/v7e-m+fp/hard/crtbegin.o
 .text          0x00000000080001e0       0x10 c:/st/stm32cubeide_1.12.1/stm32cubeide/plugins/com.st.stm32cube.ide.mcu.externaltools.gnu-tools-for-stm32.10.3-2021.10.win32_1.0.200.202301161003/tools/bin/../lib/gcc/arm-none-eabi/10.3.1/../../../../arm-none-eabi/lib/thumb/v7e-m+fp/hard\libc_nano.a(lib_a-strlen.o)
                0x00000000080001e0                strlen
 .text          0x00000000080001f0       0xa0 c:/st/stm32cubeide_1.12.1/stm32cubeide/plugins/com.st.stm32cube.ide.mcu.externaltools.gnu-tools-for-stm32.10.3-2021.10.win32_1.0.200.202301161003/tools/bin/../lib/gcc/arm-none-eabi/10.3.1/../../../../arm-none-eabi/lib/thumb/v7e-m+fp/hard\libc_nano.a(lib_a-memchr.o)
                0x00000000080001f0                memchr
 .text          0x0000000008000290       0x30 c:/st/stm32cubeide_1.12.1/stm32cubeide/plugins/com.st.stm32cube.ide.mcu.externaltools.gnu-tools-for-stm32.10.3-2021.10.win32_1.0.200.202301161003/tools/bin/../lib/gcc/arm-none-eabi/10.3.1/thumb/v7e-m+fp/hard\libgcc.a(_aeabi_uldivmod.o)
                0x0000000008000290                __aeabi_uldivmod
 .text          0x00000000080002c0      0x2d0 c:/st/stm32cubeide_1.12.1/stm32cubeide/plugins/com.st.stm32cube.ide.mcu.externaltools.gnu-tools-for-stm32.10.3-2021.10.win32_1.0.200.202301161003/tools/bin/../lib/gcc/arm-none-eabi/10.3.1/thumb/v7e-m+fp/hard\libgcc.a(_udivmoddi4.o)
                0x00000000080002c0                __udivmoddi4
 .text          0x0000000008000590        0x4 c:/st/stm32cubeide_1.12.1/stm32cubeide/plugins/com.st.stm32cube.ide.mcu.externaltools.gnu-tools-for-stm32.10.3-2021.10.win32_1.0.200.202301161003/tools/bin/../lib/gcc/arm-none-eabi/10.3.1/thumb/v7e-m+fp/hard\libgcc.a(_dvmd_tls.o)
                0x0000000008000590                __aeabi_idiv0
                0x0000000008000590                __aeabi_ldiv0
 *(.text*)
 .text.FlappyBird_init
                0x0000000008000594       0x24 ./Core/Src/FlappyBird.o
                0x0000000008000594                FlappyBird_init
 .text.FlappyBird_update
                0x00000000080005b8      0x2e8 ./Core/Src/FlappyBird.o
                0x00000000080005b8                FlappyBird_update
 .text.MX_ADC1_Init
                0x00000000080008a0       0xa4 ./Core/Src/adc.o
                0x00000000080008a0                MX_ADC1_Init
 .text.HAL_ADC_MspInit
                0x0000000008000944       0x88 ./Core/Src/adc.o
                0x0000000008000944                HAL_ADC_MspInit
 .text.disp1color_FillScreenbuff
                0x00000000080009cc       0x24 ./Core/Src/disp1color.o
                0x00000000080009cc                disp1color_FillScreenbuff
 .text.disp1color_UpdateFromBuff
                0x00000000080009f0       0x14 ./Core/Src/disp1color.o
                0x00000000080009f0                disp1color_UpdateFromBuff
 .text.disp1color_printf
                0x0000000008000a04       0x48 ./Core/Src/disp1color.o
                0x0000000008000a04                disp1color_printf
 .text.disp1color_DrawPixel
                0x0000000008000a4c       0xbc ./Core/Src/disp1color.o
                0x0000000008000a4c                disp1color_DrawPixel
 .text.disp1color_DrawLine
                0x0000000008000b08      0x106 ./Core/Src/disp1color.o
                0x0000000008000b08                disp1color_DrawLine
 .text.disp1color_DrawRectangle
                0x0000000008000c0e       0x76 ./Core/Src/disp1color.o
                0x0000000008000c0e                disp1color_DrawRectangle
 .text.disp1color_DrawChar
                0x0000000008000c84      0x16c ./Core/Src/disp1color.o
                0x0000000008000c84                disp1color_DrawChar
 .text.disp1color_DrawString
                0x0000000008000df0       0xa2 ./Core/Src/disp1color.o
                0x0000000008000df0                disp1color_DrawString
 .text.DMD_1COLOR_DisplayFullUpdate
                0x0000000008000e92       0x44 ./Core/Src/disp1color.o
                0x0000000008000e92                DMD_1COLOR_DisplayFullUpdate
 *fill*         0x0000000008000ed6        0x2 
 .text.DMD_1COLOR_UpdateRow4
                0x0000000008000ed8       0xd8 ./Core/Src/disp1color.o
                0x0000000008000ed8                DMD_1COLOR_UpdateRow4
 .text.DMD_1COLOR_SendFromMatrixBuff
                0x0000000008000fb0       0xa8 ./Core/Src/disp1color.o
                0x0000000008000fb0                DMD_1COLOR_SendFromMatrixBuff
 .text.DMD_1COLOR_GetFrom8ScreenBytes
                0x0000000008001058       0x52 ./Core/Src/disp1color.o
                0x0000000008001058                DMD_1COLOR_GetFrom8ScreenBytes
 *fill*         0x00000000080010aa        0x2 
 .text.prepare_data
                0x00000000080010ac       0xbc ./Core/Src/disp1color.o
                0x00000000080010ac                prepare_data
 .text.f10x16f_GetCharTable
                0x0000000008001168       0x28 ./Core/Src/f10x16f.o
                0x0000000008001168                f10x16f_GetCharTable
 .text.f6x8m_GetCharTable
                0x0000000008001190       0x28 ./Core/Src/f6x8m.o
                0x0000000008001190                f6x8m_GetCharTable
 .text.font_GetFontStruct
                0x00000000080011b8       0x2c ./Core/Src/font.o
                0x00000000080011b8                font_GetFontStruct
 .text.font_GetCharWidth
                0x00000000080011e4       0x18 ./Core/Src/font.o
                0x00000000080011e4                font_GetCharWidth
 .text.font_GetCharHeight
                0x00000000080011fc       0x1e ./Core/Src/font.o
                0x00000000080011fc                font_GetCharHeight
 *fill*         0x000000000800121a        0x2 
 .text.MX_GPIO_Init
                0x000000000800121c       0xe8 ./Core/Src/gpio.o
                0x000000000800121c                MX_GPIO_Init
 .text.main     0x0000000008001304      0x12c ./Core/Src/main.o
                0x0000000008001304                main
 .text.SystemClock_Config
                0x0000000008001430       0xd0 ./Core/Src/main.o
                0x0000000008001430                SystemClock_Config
 .text.disp_row
                0x0000000008001500      0x184 ./Core/Src/main.o
                0x0000000008001500                disp_row
 .text.draw_game
                0x0000000008001684       0x9e ./Core/Src/main.o
                0x0000000008001684                draw_game
 .text.Flappy_Bird
                0x0000000008001722       0x74 ./Core/Src/main.o
                0x0000000008001722                Flappy_Bird
 .text.game_over
                0x0000000008001796       0x8e ./Core/Src/main.o
                0x0000000008001796                game_over
 .text.Error_Handler
                0x0000000008001824        0xa ./Core/Src/main.o
                0x0000000008001824                Error_Handler
 .text.median_filter_init
                0x000000000800182e       0x32 ./Core/Src/median.o
                0x000000000800182e                median_filter_init
 .text.MX_SPI1_Init
                0x0000000008001860       0x6c ./Core/Src/spi.o
                0x0000000008001860                MX_SPI1_Init
 .text.HAL_SPI_MspInit
                0x00000000080018cc       0x90 ./Core/Src/spi.o
                0x00000000080018cc                HAL_SPI_MspInit
 .text.HAL_MspInit
                0x000000000800195c       0x50 ./Core/Src/stm32f4xx_hal_msp.o
                0x000000000800195c                HAL_MspInit
 .text.NMI_Handler
                0x00000000080019ac        0x6 ./Core/Src/stm32f4xx_it.o
                0x00000000080019ac                NMI_Handler
 .text.HardFault_Handler
                0x00000000080019b2        0x6 ./Core/Src/stm32f4xx_it.o
                0x00000000080019b2                HardFault_Handler
 .text.MemManage_Handler
                0x00000000080019b8        0x6 ./Core/Src/stm32f4xx_it.o
                0x00000000080019b8                MemManage_Handler
 .text.BusFault_Handler
                0x00000000080019be        0x6 ./Core/Src/stm32f4xx_it.o
                0x00000000080019be                BusFault_Handler
 .text.UsageFault_Handler
                0x00000000080019c4        0x6 ./Core/Src/stm32f4xx_it.o
                0x00000000080019c4                UsageFault_Handler
 .text.SVC_Handler
                0x00000000080019ca        0xe ./Core/Src/stm32f4xx_it.o
                0x00000000080019ca                SVC_Handler
 .text.DebugMon_Handler
                0x00000000080019d8        0xe ./Core/Src/stm32f4xx_it.o
                0x00000000080019d8                DebugMon_Handler
 .text.PendSV_Handler
                0x00000000080019e6        0xe ./Core/Src/stm32f4xx_it.o
                0x00000000080019e6                PendSV_Handler
 .text.SysTick_Handler
                0x00000000080019f4        0xc ./Core/Src/stm32f4xx_it.o
                0x00000000080019f4                SysTick_Handler
 .text.TIM1_UP_TIM10_IRQHandler
                0x0000000008001a00       0xcc ./Core/Src/stm32f4xx_it.o
                0x0000000008001a00                TIM1_UP_TIM10_IRQHandler
 .text.TIM2_IRQHandler
                0x0000000008001acc       0x34 ./Core/Src/stm32f4xx_it.o
                0x0000000008001acc                TIM2_IRQHandler
 .text.TIM3_IRQHandler
                0x0000000008001b00       0x44 ./Core/Src/stm32f4xx_it.o
                0x0000000008001b00                TIM3_IRQHandler
 .text._sbrk    0x0000000008001b44       0x6c ./Core/Src/sysmem.o
                0x0000000008001b44                _sbrk
 .text.SystemInit
                0x0000000008001bb0       0x24 ./Core/Src/system_stm32f4xx.o
                0x0000000008001bb0                SystemInit
 .text.MX_TIM1_Init
                0x0000000008001bd4      0x104 ./Core/Src/tim.o
                0x0000000008001bd4                MX_TIM1_Init
 .text.MX_TIM2_Init
                0x0000000008001cd8       0xac ./Core/Src/tim.o
                0x0000000008001cd8                MX_TIM2_Init
 .text.MX_TIM3_Init
                0x0000000008001d84       0xac ./Core/Src/tim.o
                0x0000000008001d84                MX_TIM3_Init
 .text.HAL_TIM_OC_MspInit
                0x0000000008001e30       0xc4 ./Core/Src/tim.o
                0x0000000008001e30                HAL_TIM_OC_MspInit
 .text.Reset_Handler
                0x0000000008001ef4       0x50 ./Core/Startup/startup_stm32f411vetx.o
                0x0000000008001ef4                Reset_Handler
 .text.Default_Handler
                0x0000000008001f44        0x2 ./Core/Startup/startup_stm32f411vetx.o
                0x0000000008001f44                RTC_Alarm_IRQHandler
                0x0000000008001f44                EXTI2_IRQHandler
                0x0000000008001f44                SPI4_IRQHandler
                0x0000000008001f44                TIM1_CC_IRQHandler
                0x0000000008001f44                DMA2_Stream5_IRQHandler
                0x0000000008001f44                DMA1_Stream5_IRQHandler
                0x0000000008001f44                PVD_IRQHandler
                0x0000000008001f44                SDIO_IRQHandler
                0x0000000008001f44                TAMP_STAMP_IRQHandler
                0x0000000008001f44                EXTI3_IRQHandler
                0x0000000008001f44                I2C3_ER_IRQHandler
                0x0000000008001f44                EXTI0_IRQHandler
                0x0000000008001f44                I2C2_EV_IRQHandler
                0x0000000008001f44                DMA1_Stream2_IRQHandler
                0x0000000008001f44                FPU_IRQHandler
                0x0000000008001f44                DMA2_Stream2_IRQHandler
                0x0000000008001f44                SPI1_IRQHandler
                0x0000000008001f44                TIM1_BRK_TIM9_IRQHandler
                0x0000000008001f44                DMA2_Stream3_IRQHandler
                0x0000000008001f44                USART6_IRQHandler
                0x0000000008001f44                DMA2_Stream0_IRQHandler
                0x0000000008001f44                TIM4_IRQHandler
                0x0000000008001f44                I2C1_EV_IRQHandler
                0x0000000008001f44                DMA1_Stream6_IRQHandler
                0x0000000008001f44                DMA1_Stream1_IRQHandler
                0x0000000008001f44                RCC_IRQHandler
                0x0000000008001f44                Default_Handler
                0x0000000008001f44                EXTI15_10_IRQHandler
                0x0000000008001f44                ADC_IRQHandler
                0x0000000008001f44                DMA1_Stream7_IRQHandler
                0x0000000008001f44                SPI5_IRQHandler
                0x0000000008001f44                TIM5_IRQHandler
                0x0000000008001f44                DMA2_Stream7_IRQHandler
                0x0000000008001f44                I2C3_EV_IRQHandler
                0x0000000008001f44                EXTI9_5_IRQHandler
                0x0000000008001f44                RTC_WKUP_IRQHandler
                0x0000000008001f44                SPI2_IRQHandler
                0x0000000008001f44                DMA1_Stream0_IRQHandler
                0x0000000008001f44                EXTI4_IRQHandler
                0x0000000008001f44                WWDG_IRQHandler
                0x0000000008001f44                OTG_FS_WKUP_IRQHandler
                0x0000000008001f44                TIM1_TRG_COM_TIM11_IRQHandler
                0x0000000008001f44                EXTI1_IRQHandler
                0x0000000008001f44                USART2_IRQHandler
                0x0000000008001f44                I2C2_ER_IRQHandler
                0x0000000008001f44                DMA2_Stream1_IRQHandler
                0x0000000008001f44                FLASH_IRQHandler
                0x0000000008001f44                DMA2_Stream4_IRQHandler
                0x0000000008001f44                USART1_IRQHandler
                0x0000000008001f44                OTG_FS_IRQHandler
                0x0000000008001f44                SPI3_IRQHandler
                0x0000000008001f44                DMA1_Stream4_IRQHandler
                0x0000000008001f44                I2C1_ER_IRQHandler
                0x0000000008001f44                DMA2_Stream6_IRQHandler
                0x0000000008001f44                DMA1_Stream3_IRQHandler
 *fill*         0x0000000008001f46        0x2 
 .text.HAL_Init
                0x0000000008001f48       0x44 ./Drivers/STM32F4xx_HAL_Driver/Src/stm32f4xx_hal.o
                0x0000000008001f48                HAL_Init
 .text.HAL_InitTick
                0x0000000008001f8c       0x60 ./Drivers/STM32F4xx_HAL_Driver/Src/stm32f4xx_hal.o
                0x0000000008001f8c                HAL_InitTick
 .text.HAL_IncTick
                0x0000000008001fec       0x28 ./Drivers/STM32F4xx_HAL_Driver/Src/stm32f4xx_hal.o
                0x0000000008001fec                HAL_IncTick
 .text.HAL_GetTick
                0x0000000008002014       0x18 ./Drivers/STM32F4xx_HAL_Driver/Src/stm32f4xx_hal.o
                0x0000000008002014                HAL_GetTick
 .text.HAL_ADC_Init
                0x000000000800202c       0x86 ./Drivers/STM32F4xx_HAL_Driver/Src/stm32f4xx_hal_adc.o
                0x000000000800202c                HAL_ADC_Init
 *fill*         0x00000000080020b2        0x2 
 .text.HAL_ADC_Start
                0x00000000080020b4      0x168 ./Drivers/STM32F4xx_HAL_Driver/Src/stm32f4xx_hal_adc.o
                0x00000000080020b4                HAL_ADC_Start
 .text.HAL_ADC_Stop
                0x000000000800221c       0x66 ./Drivers/STM32F4xx_HAL_Driver/Src/stm32f4xx_hal_adc.o
                0x000000000800221c                HAL_ADC_Stop
 .text.HAL_ADC_PollForConversion
                0x0000000008002282      0x116 ./Drivers/STM32F4xx_HAL_Driver/Src/stm32f4xx_hal_adc.o
                0x0000000008002282                HAL_ADC_PollForConversion
 .text.HAL_ADC_GetValue
                0x0000000008002398       0x1a ./Drivers/STM32F4xx_HAL_Driver/Src/stm32f4xx_hal_adc.o
                0x0000000008002398                HAL_ADC_GetValue
 *fill*         0x00000000080023b2        0x2 
 .text.HAL_ADC_ConfigChannel
                0x00000000080023b4      0x264 ./Drivers/STM32F4xx_HAL_Driver/Src/stm32f4xx_hal_adc.o
                0x00000000080023b4                HAL_ADC_ConfigChannel
 .text.ADC_Init
                0x0000000008002618      0x1f8 ./Drivers/STM32F4xx_HAL_Driver/Src/stm32f4xx_hal_adc.o
 .text.__NVIC_SetPriorityGrouping
                0x0000000008002810       0x48 ./Drivers/STM32F4xx_HAL_Driver/Src/stm32f4xx_hal_cortex.o
 .text.__NVIC_GetPriorityGrouping
                0x0000000008002858       0x1c ./Drivers/STM32F4xx_HAL_Driver/Src/stm32f4xx_hal_cortex.o
 .text.__NVIC_EnableIRQ
                0x0000000008002874       0x3c ./Drivers/STM32F4xx_HAL_Driver/Src/stm32f4xx_hal_cortex.o
 .text.__NVIC_SetPriority
                0x00000000080028b0       0x54 ./Drivers/STM32F4xx_HAL_Driver/Src/stm32f4xx_hal_cortex.o
 .text.NVIC_EncodePriority
                0x0000000008002904       0x66 ./Drivers/STM32F4xx_HAL_Driver/Src/stm32f4xx_hal_cortex.o
 *fill*         0x000000000800296a        0x2 
 .text.SysTick_Config
                0x000000000800296c       0x44 ./Drivers/STM32F4xx_HAL_Driver/Src/stm32f4xx_hal_cortex.o
 .text.HAL_NVIC_SetPriorityGrouping
                0x00000000080029b0       0x16 ./Drivers/STM32F4xx_HAL_Driver/Src/stm32f4xx_hal_cortex.o
                0x00000000080029b0                HAL_NVIC_SetPriorityGrouping
 .text.HAL_NVIC_SetPriority
                0x00000000080029c6       0x38 ./Drivers/STM32F4xx_HAL_Driver/Src/stm32f4xx_hal_cortex.o
                0x00000000080029c6                HAL_NVIC_SetPriority
 .text.HAL_NVIC_EnableIRQ
                0x00000000080029fe       0x1c ./Drivers/STM32F4xx_HAL_Driver/Src/stm32f4xx_hal_cortex.o
                0x00000000080029fe                HAL_NVIC_EnableIRQ
 .text.HAL_SYSTICK_Config
                0x0000000008002a1a       0x18 ./Drivers/STM32F4xx_HAL_Driver/Src/stm32f4xx_hal_cortex.o
                0x0000000008002a1a                HAL_SYSTICK_Config
 *fill*         0x0000000008002a32        0x2 
 .text.HAL_GPIO_Init
                0x0000000008002a34      0x308 ./Drivers/STM32F4xx_HAL_Driver/Src/stm32f4xx_hal_gpio.o
                0x0000000008002a34                HAL_GPIO_Init
 .text.HAL_GPIO_WritePin
                0x0000000008002d3c       0x32 ./Drivers/STM32F4xx_HAL_Driver/Src/stm32f4xx_hal_gpio.o
                0x0000000008002d3c                HAL_GPIO_WritePin
 *fill*         0x0000000008002d6e        0x2 
 .text.HAL_RCC_OscConfig
                0x0000000008002d70      0x4f0 ./Drivers/STM32F4xx_HAL_Driver/Src/stm32f4xx_hal_rcc.o
                0x0000000008002d70                HAL_RCC_OscConfig
 .text.HAL_RCC_ClockConfig
                0x0000000008003260      0x1cc ./Drivers/STM32F4xx_HAL_Driver/Src/stm32f4xx_hal_rcc.o
                0x0000000008003260                HAL_RCC_ClockConfig
 .text.HAL_RCC_GetSysClockFreq
                0x000000000800342c      0x18c ./Drivers/STM32F4xx_HAL_Driver/Src/stm32f4xx_hal_rcc.o
                0x000000000800342c                HAL_RCC_GetSysClockFreq
 .text.HAL_SPI_Init
                0x00000000080035b8      0x112 ./Drivers/STM32F4xx_HAL_Driver/Src/stm32f4xx_hal_spi.o
                0x00000000080035b8                HAL_SPI_Init
 .text.HAL_SPI_Transmit
                0x00000000080036ca      0x278 ./Drivers/STM32F4xx_HAL_Driver/Src/stm32f4xx_hal_spi.o
                0x00000000080036ca                HAL_SPI_Transmit
 *fill*         0x0000000008003942        0x2 
 .text.SPI_WaitFlagStateUntilTimeout
                0x0000000008003944      0x110 ./Drivers/STM32F4xx_HAL_Driver/Src/stm32f4xx_hal_spi.o
 .text.SPI_EndRxTxTransaction
                0x0000000008003a54       0x84 ./Drivers/STM32F4xx_HAL_Driver/Src/stm32f4xx_hal_spi.o
 .text.HAL_TIM_Base_Start_IT
                0x0000000008003ad8       0xc4 ./Drivers/STM32F4xx_HAL_Driver/Src/stm32f4xx_hal_tim.o
                0x0000000008003ad8                HAL_TIM_Base_Start_IT
 .text.HAL_TIM_OC_Init
                0x0000000008003b9c       0x9e ./Drivers/STM32F4xx_HAL_Driver/Src/stm32f4xx_hal_tim.o
                0x0000000008003b9c                HAL_TIM_OC_Init
 .text.HAL_TIM_IRQHandler
                0x0000000008003c3a      0x210 ./Drivers/STM32F4xx_HAL_Driver/Src/stm32f4xx_hal_tim.o
                0x0000000008003c3a                HAL_TIM_IRQHandler
 *fill*         0x0000000008003e4a        0x2 
 .text.HAL_TIM_OC_ConfigChannel
                0x0000000008003e4c       0xb8 ./Drivers/STM32F4xx_HAL_Driver/Src/stm32f4xx_hal_tim.o
                0x0000000008003e4c                HAL_TIM_OC_ConfigChannel
 .text.HAL_TIM_PeriodElapsedCallback
                0x0000000008003f04       0x14 ./Drivers/STM32F4xx_HAL_Driver/Src/stm32f4xx_hal_tim.o
                0x0000000008003f04                HAL_TIM_PeriodElapsedCallback
 .text.HAL_TIM_OC_DelayElapsedCallback
                0x0000000008003f18       0x14 ./Drivers/STM32F4xx_HAL_Driver/Src/stm32f4xx_hal_tim.o
                0x0000000008003f18                HAL_TIM_OC_DelayElapsedCallback
 .text.HAL_TIM_IC_CaptureCallback
                0x0000000008003f2c       0x14 ./Drivers/STM32F4xx_HAL_Driver/Src/stm32f4xx_hal_tim.o
                0x0000000008003f2c                HAL_TIM_IC_CaptureCallback
 .text.HAL_TIM_PWM_PulseFinishedCallback
                0x0000000008003f40       0x14 ./Drivers/STM32F4xx_HAL_Driver/Src/stm32f4xx_hal_tim.o
                0x0000000008003f40                HAL_TIM_PWM_PulseFinishedCallback
 .text.HAL_TIM_TriggerCallback
                0x0000000008003f54       0x14 ./Drivers/STM32F4xx_HAL_Driver/Src/stm32f4xx_hal_tim.o
                0x0000000008003f54                HAL_TIM_TriggerCallback
 .text.TIM_Base_SetConfig
                0x0000000008003f68      0x100 ./Drivers/STM32F4xx_HAL_Driver/Src/stm32f4xx_hal_tim.o
                0x0000000008003f68                TIM_Base_SetConfig
 .text.TIM_OC1_SetConfig
                0x0000000008004068       0xcc ./Drivers/STM32F4xx_HAL_Driver/Src/stm32f4xx_hal_tim.o
 .text.TIM_OC2_SetConfig
                0x0000000008004134       0xd8 ./Drivers/STM32F4xx_HAL_Driver/Src/stm32f4xx_hal_tim.o
                0x0000000008004134                TIM_OC2_SetConfig
 .text.TIM_OC3_SetConfig
                0x000000000800420c       0xd4 ./Drivers/STM32F4xx_HAL_Driver/Src/stm32f4xx_hal_tim.o
 .text.TIM_OC4_SetConfig
                0x00000000080042e0       0xa0 ./Drivers/STM32F4xx_HAL_Driver/Src/stm32f4xx_hal_tim.o
 .text.HAL_TIMEx_MasterConfigSynchronization
                0x0000000008004380       0xdc ./Drivers/STM32F4xx_HAL_Driver/Src/stm32f4xx_hal_tim_ex.o
                0x0000000008004380                HAL_TIMEx_MasterConfigSynchronization
 .text.HAL_TIMEx_ConfigBreakDeadTime
                0x000000000800445c       0xa4 ./Drivers/STM32F4xx_HAL_Driver/Src/stm32f4xx_hal_tim_ex.o
                0x000000000800445c                HAL_TIMEx_ConfigBreakDeadTime
 .text.HAL_TIMEx_CommutCallback
                0x0000000008004500       0x14 ./Drivers/STM32F4xx_HAL_Driver/Src/stm32f4xx_hal_tim_ex.o
                0x0000000008004500                HAL_TIMEx_CommutCallback
 .text.HAL_TIMEx_BreakCallback
                0x0000000008004514       0x14 ./Drivers/STM32F4xx_HAL_Driver/Src/stm32f4xx_hal_tim_ex.o
                0x0000000008004514                HAL_TIMEx_BreakCallback
 .text.__errno  0x0000000008004528        0xc c:/st/stm32cubeide_1.12.1/stm32cubeide/plugins/com.st.stm32cube.ide.mcu.externaltools.gnu-tools-for-stm32.10.3-2021.10.win32_1.0.200.202301161003/tools/bin/../lib/gcc/arm-none-eabi/10.3.1/../../../../arm-none-eabi/lib/thumb/v7e-m+fp/hard\libc_nano.a(lib_a-errno.o)
                0x0000000008004528                __errno
 .text.__libc_init_array
                0x0000000008004534       0x48 c:/st/stm32cubeide_1.12.1/stm32cubeide/plugins/com.st.stm32cube.ide.mcu.externaltools.gnu-tools-for-stm32.10.3-2021.10.win32_1.0.200.202301161003/tools/bin/../lib/gcc/arm-none-eabi/10.3.1/../../../../arm-none-eabi/lib/thumb/v7e-m+fp/hard\libc_nano.a(lib_a-init.o)
                0x0000000008004534                __libc_init_array
 .text.memcpy   0x000000000800457c       0x1c c:/st/stm32cubeide_1.12.1/stm32cubeide/plugins/com.st.stm32cube.ide.mcu.externaltools.gnu-tools-for-stm32.10.3-2021.10.win32_1.0.200.202301161003/tools/bin/../lib/gcc/arm-none-eabi/10.3.1/../../../../arm-none-eabi/lib/thumb/v7e-m+fp/hard\libc_nano.a(lib_a-memcpy-stub.o)
                0x000000000800457c                memcpy
 .text.memset   0x0000000008004598       0x10 c:/st/stm32cubeide_1.12.1/stm32cubeide/plugins/com.st.stm32cube.ide.mcu.externaltools.gnu-tools-for-stm32.10.3-2021.10.win32_1.0.200.202301161003/tools/bin/../lib/gcc/arm-none-eabi/10.3.1/../../../../arm-none-eabi/lib/thumb/v7e-m+fp/hard\libc_nano.a(lib_a-memset.o)
                0x0000000008004598                memset
 .text._vsnprintf_r
                0x00000000080045a8       0x56 c:/st/stm32cubeide_1.12.1/stm32cubeide/plugins/com.st.stm32cube.ide.mcu.externaltools.gnu-tools-for-stm32.10.3-2021.10.win32_1.0.200.202301161003/tools/bin/../lib/gcc/arm-none-eabi/10.3.1/../../../../arm-none-eabi/lib/thumb/v7e-m+fp/hard\libc_nano.a(lib_a-vsnprintf.o)
                0x00000000080045a8                _vsniprintf_r
                0x00000000080045a8                _vsnprintf_r
 *fill*         0x00000000080045fe        0x2 
 .text.vsnprintf
                0x0000000008004600       0x1c c:/st/stm32cubeide_1.12.1/stm32cubeide/plugins/com.st.stm32cube.ide.mcu.externaltools.gnu-tools-for-stm32.10.3-2021.10.win32_1.0.200.202301161003/tools/bin/../lib/gcc/arm-none-eabi/10.3.1/../../../../arm-none-eabi/lib/thumb/v7e-m+fp/hard\libc_nano.a(lib_a-vsnprintf.o)
                0x0000000008004600                vsniprintf
                0x0000000008004600                vsnprintf
 .text.__retarget_lock_acquire_recursive
                0x000000000800461c        0x2 c:/st/stm32cubeide_1.12.1/stm32cubeide/plugins/com.st.stm32cube.ide.mcu.externaltools.gnu-tools-for-stm32.10.3-2021.10.win32_1.0.200.202301161003/tools/bin/../lib/gcc/arm-none-eabi/10.3.1/../../../../arm-none-eabi/lib/thumb/v7e-m+fp/hard\libc_nano.a(lib_a-lock.o)
                0x000000000800461c                __retarget_lock_acquire_recursive
 .text.__retarget_lock_release_recursive
                0x000000000800461e        0x2 c:/st/stm32cubeide_1.12.1/stm32cubeide/plugins/com.st.stm32cube.ide.mcu.externaltools.gnu-tools-for-stm32.10.3-2021.10.win32_1.0.200.202301161003/tools/bin/../lib/gcc/arm-none-eabi/10.3.1/../../../../arm-none-eabi/lib/thumb/v7e-m+fp/hard\libc_nano.a(lib_a-lock.o)
                0x000000000800461e                __retarget_lock_release_recursive
 .text.sbrk_aligned
                0x0000000008004620       0x40 c:/st/stm32cubeide_1.12.1/stm32cubeide/plugins/com.st.stm32cube.ide.mcu.externaltools.gnu-tools-for-stm32.10.3-2021.10.win32_1.0.200.202301161003/tools/bin/../lib/gcc/arm-none-eabi/10.3.1/../../../../arm-none-eabi/lib/thumb/v7e-m+fp/hard\libc_nano.a(lib_a-nano-mallocr.o)
 .text._malloc_r
                0x0000000008004660       0xe8 c:/st/stm32cubeide_1.12.1/stm32cubeide/plugins/com.st.stm32cube.ide.mcu.externaltools.gnu-tools-for-stm32.10.3-2021.10.win32_1.0.200.202301161003/tools/bin/../lib/gcc/arm-none-eabi/10.3.1/../../../../arm-none-eabi/lib/thumb/v7e-m+fp/hard\libc_nano.a(lib_a-nano-mallocr.o)
                0x0000000008004660                _malloc_r
 .text.__ssputs_r
                0x0000000008004748       0xb6 c:/st/stm32cubeide_1.12.1/stm32cubeide/plugins/com.st.stm32cube.ide.mcu.externaltools.gnu-tools-for-stm32.10.3-2021.10.win32_1.0.200.202301161003/tools/bin/../lib/gcc/arm-none-eabi/10.3.1/../../../../arm-none-eabi/lib/thumb/v7e-m+fp/hard\libc_nano.a(lib_a-nano-svfprintf.o)
                0x0000000008004748                __ssputs_r
 *fill*         0x00000000080047fe        0x2 
 .text._svfprintf_r
                0x0000000008004800      0x200 c:/st/stm32cubeide_1.12.1/stm32cubeide/plugins/com.st.stm32cube.ide.mcu.externaltools.gnu-tools-for-stm32.10.3-2021.10.win32_1.0.200.202301161003/tools/bin/../lib/gcc/arm-none-eabi/10.3.1/../../../../arm-none-eabi/lib/thumb/v7e-m+fp/hard\libc_nano.a(lib_a-nano-svfprintf.o)
                0x0000000008004800                _svfiprintf_r
                0x0000000008004800                _svfprintf_r
 .text._printf_common
                0x0000000008004a00       0xda c:/st/stm32cubeide_1.12.1/stm32cubeide/plugins/com.st.stm32cube.ide.mcu.externaltools.gnu-tools-for-stm32.10.3-2021.10.win32_1.0.200.202301161003/tools/bin/../lib/gcc/arm-none-eabi/10.3.1/../../../../arm-none-eabi/lib/thumb/v7e-m+fp/hard\libc_nano.a(lib_a-nano-vfprintf_i.o)
                0x0000000008004a00                _printf_common
 *fill*         0x0000000008004ada        0x2 
 .text._printf_i
                0x0000000008004adc      0x24c c:/st/stm32cubeide_1.12.1/stm32cubeide/plugins/com.st.stm32cube.ide.mcu.externaltools.gnu-tools-for-stm32.10.3-2021.10.win32_1.0.200.202301161003/tools/bin/../lib/gcc/arm-none-eabi/10.3.1/../../../../arm-none-eabi/lib/thumb/v7e-m+fp/hard\libc_nano.a(lib_a-nano-vfprintf_i.o)
                0x0000000008004adc                _printf_i
 .text._sbrk_r  0x0000000008004d28       0x20 c:/st/stm32cubeide_1.12.1/stm32cubeide/plugins/com.st.stm32cube.ide.mcu.externaltools.gnu-tools-for-stm32.10.3-2021.10.win32_1.0.200.202301161003/tools/bin/../lib/gcc/arm-none-eabi/10.3.1/../../../../arm-none-eabi/lib/thumb/v7e-m+fp/hard\libc_nano.a(lib_a-sbrkr.o)
                0x0000000008004d28                _sbrk_r
 .text.memmove  0x0000000008004d48       0x34 c:/st/stm32cubeide_1.12.1/stm32cubeide/plugins/com.st.stm32cube.ide.mcu.externaltools.gnu-tools-for-stm32.10.3-2021.10.win32_1.0.200.202301161003/tools/bin/../lib/gcc/arm-none-eabi/10.3.1/../../../../arm-none-eabi/lib/thumb/v7e-m+fp/hard\libc_nano.a(lib_a-memmove.o)
                0x0000000008004d48                memmove
 .text.__malloc_lock
                0x0000000008004d7c        0xc c:/st/stm32cubeide_1.12.1/stm32cubeide/plugins/com.st.stm32cube.ide.mcu.externaltools.gnu-tools-for-stm32.10.3-2021.10.win32_1.0.200.202301161003/tools/bin/../lib/gcc/arm-none-eabi/10.3.1/../../../../arm-none-eabi/lib/thumb/v7e-m+fp/hard\libc_nano.a(lib_a-mlock.o)
                0x0000000008004d7c                __malloc_lock
 .text.__malloc_unlock
                0x0000000008004d88        0xc c:/st/stm32cubeide_1.12.1/stm32cubeide/plugins/com.st.stm32cube.ide.mcu.externaltools.gnu-tools-for-stm32.10.3-2021.10.win32_1.0.200.202301161003/tools/bin/../lib/gcc/arm-none-eabi/10.3.1/../../../../arm-none-eabi/lib/thumb/v7e-m+fp/hard\libc_nano.a(lib_a-mlock.o)
                0x0000000008004d88                __malloc_unlock
 .text._free_r  0x0000000008004d94       0x98 c:/st/stm32cubeide_1.12.1/stm32cubeide/plugins/com.st.stm32cube.ide.mcu.externaltools.gnu-tools-for-stm32.10.3-2021.10.win32_1.0.200.202301161003/tools/bin/../lib/gcc/arm-none-eabi/10.3.1/../../../../arm-none-eabi/lib/thumb/v7e-m+fp/hard\libc_nano.a(lib_a-nano-freer.o)
                0x0000000008004d94                _free_r
 .text._realloc_r
                0x0000000008004e2c       0x5e c:/st/stm32cubeide_1.12.1/stm32cubeide/plugins/com.st.stm32cube.ide.mcu.externaltools.gnu-tools-for-stm32.10.3-2021.10.win32_1.0.200.202301161003/tools/bin/../lib/gcc/arm-none-eabi/10.3.1/../../../../arm-none-eabi/lib/thumb/v7e-m+fp/hard\libc_nano.a(lib_a-nano-reallocr.o)
                0x0000000008004e2c                _realloc_r
 .text._malloc_usable_size_r
                0x0000000008004e8a       0x10 c:/st/stm32cubeide_1.12.1/stm32cubeide/plugins/com.st.stm32cube.ide.mcu.externaltools.gnu-tools-for-stm32.10.3-2021.10.win32_1.0.200.202301161003/tools/bin/../lib/gcc/arm-none-eabi/10.3.1/../../../../arm-none-eabi/lib/thumb/v7e-m+fp/hard\libc_nano.a(lib_a-nano-msizer.o)
                0x0000000008004e8a                _malloc_usable_size_r
 *(.glue_7)
 .glue_7        0x0000000008004e9a        0x0 linker stubs
 *(.glue_7t)
 .glue_7t       0x0000000008004e9a        0x0 linker stubs
 *(.eh_frame)
 *fill*         0x0000000008004e9a        0x2 
 .eh_frame      0x0000000008004e9c        0x0 c:/st/stm32cubeide_1.12.1/stm32cubeide/plugins/com.st.stm32cube.ide.mcu.externaltools.gnu-tools-for-stm32.10.3-2021.10.win32_1.0.200.202301161003/tools/bin/../lib/gcc/arm-none-eabi/10.3.1/thumb/v7e-m+fp/hard/crtbegin.o
 *(.init)
 .init          0x0000000008004e9c        0x4 c:/st/stm32cubeide_1.12.1/stm32cubeide/plugins/com.st.stm32cube.ide.mcu.externaltools.gnu-tools-for-stm32.10.3-2021.10.win32_1.0.200.202301161003/tools/bin/../lib/gcc/arm-none-eabi/10.3.1/thumb/v7e-m+fp/hard/crti.o
                0x0000000008004e9c                _init
 .init          0x0000000008004ea0        0x8 c:/st/stm32cubeide_1.12.1/stm32cubeide/plugins/com.st.stm32cube.ide.mcu.externaltools.gnu-tools-for-stm32.10.3-2021.10.win32_1.0.200.202301161003/tools/bin/../lib/gcc/arm-none-eabi/10.3.1/thumb/v7e-m+fp/hard/crtn.o
 *(.fini)
 .fini          0x0000000008004ea8        0x4 c:/st/stm32cubeide_1.12.1/stm32cubeide/plugins/com.st.stm32cube.ide.mcu.externaltools.gnu-tools-for-stm32.10.3-2021.10.win32_1.0.200.202301161003/tools/bin/../lib/gcc/arm-none-eabi/10.3.1/thumb/v7e-m+fp/hard/crti.o
                0x0000000008004ea8                _fini
 .fini          0x0000000008004eac        0x8 c:/st/stm32cubeide_1.12.1/stm32cubeide/plugins/com.st.stm32cube.ide.mcu.externaltools.gnu-tools-for-stm32.10.3-2021.10.win32_1.0.200.202301161003/tools/bin/../lib/gcc/arm-none-eabi/10.3.1/thumb/v7e-m+fp/hard/crtn.o
                0x0000000008004eb4                . = ALIGN (0x4)
                0x0000000008004eb4                _etext = .

.vfp11_veneer   0x0000000008004eb4        0x0
 .vfp11_veneer  0x0000000008004eb4        0x0 linker stubs

.v4_bx          0x0000000008004eb4        0x0
 .v4_bx         0x0000000008004eb4        0x0 linker stubs

.iplt           0x0000000008004eb4        0x0
 .iplt          0x0000000008004eb4        0x0 c:/st/stm32cubeide_1.12.1/stm32cubeide/plugins/com.st.stm32cube.ide.mcu.externaltools.gnu-tools-for-stm32.10.3-2021.10.win32_1.0.200.202301161003/tools/bin/../lib/gcc/arm-none-eabi/10.3.1/thumb/v7e-m+fp/hard/crtbegin.o

.rodata         0x0000000008004eb4     0x2cd0
                0x0000000008004eb4                . = ALIGN (0x4)
 *(.rodata)
 .rodata        0x0000000008004eb4       0x23 ./Core/Src/main.o
 *(.rodata*)
 *fill*         0x0000000008004ed7        0x1 
 .rodata.f10x16f_table
                0x0000000008004ed8     0x2200 ./Core/Src/f10x16f.o
                0x0000000008004ed8                f10x16f_table
 .rodata.f6x8m_table
                0x00000000080070d8      0xa00 ./Core/Src/f6x8m.o
                0x00000000080070d8                f6x8m_table
 .rodata.font_table_funcs
                0x0000000008007ad8        0x8 ./Core/Src/font.o
                0x0000000008007ad8                font_table_funcs
 .rodata.AHBPrescTable
                0x0000000008007ae0       0x10 ./Core/Src/system_stm32f4xx.o
                0x0000000008007ae0                AHBPrescTable
 .rodata.__sf_fake_stderr
                0x0000000008007af0       0x20 c:/st/stm32cubeide_1.12.1/stm32cubeide/plugins/com.st.stm32cube.ide.mcu.externaltools.gnu-tools-for-stm32.10.3-2021.10.win32_1.0.200.202301161003/tools/bin/../lib/gcc/arm-none-eabi/10.3.1/../../../../arm-none-eabi/lib/thumb/v7e-m+fp/hard\libc_nano.a(lib_a-findfp.o)
                0x0000000008007af0                __sf_fake_stderr
 .rodata.__sf_fake_stdin
                0x0000000008007b10       0x20 c:/st/stm32cubeide_1.12.1/stm32cubeide/plugins/com.st.stm32cube.ide.mcu.externaltools.gnu-tools-for-stm32.10.3-2021.10.win32_1.0.200.202301161003/tools/bin/../lib/gcc/arm-none-eabi/10.3.1/../../../../arm-none-eabi/lib/thumb/v7e-m+fp/hard\libc_nano.a(lib_a-findfp.o)
                0x0000000008007b10                __sf_fake_stdin
 .rodata.__sf_fake_stdout
                0x0000000008007b30       0x20 c:/st/stm32cubeide_1.12.1/stm32cubeide/plugins/com.st.stm32cube.ide.mcu.externaltools.gnu-tools-for-stm32.10.3-2021.10.win32_1.0.200.202301161003/tools/bin/../lib/gcc/arm-none-eabi/10.3.1/../../../../arm-none-eabi/lib/thumb/v7e-m+fp/hard\libc_nano.a(lib_a-findfp.o)
                0x0000000008007b30                __sf_fake_stdout
 .rodata._svfprintf_r.str1.1
                0x0000000008007b50       0x11 c:/st/stm32cubeide_1.12.1/stm32cubeide/plugins/com.st.stm32cube.ide.mcu.externaltools.gnu-tools-for-stm32.10.3-2021.10.win32_1.0.200.202301161003/tools/bin/../lib/gcc/arm-none-eabi/10.3.1/../../../../arm-none-eabi/lib/thumb/v7e-m+fp/hard\libc_nano.a(lib_a-nano-svfprintf.o)
 .rodata._printf_i.str1.1
                0x0000000008007b61       0x22 c:/st/stm32cubeide_1.12.1/stm32cubeide/plugins/com.st.stm32cube.ide.mcu.externaltools.gnu-tools-for-stm32.10.3-2021.10.win32_1.0.200.202301161003/tools/bin/../lib/gcc/arm-none-eabi/10.3.1/../../../../arm-none-eabi/lib/thumb/v7e-m+fp/hard\libc_nano.a(lib_a-nano-vfprintf_i.o)
                0x0000000008007b84                . = ALIGN (0x4)
 *fill*         0x0000000008007b83        0x1 

.ARM.extab      0x0000000008007b84        0x0
                0x0000000008007b84                . = ALIGN (0x4)
 *(.ARM.extab* .gnu.linkonce.armextab.*)
                0x0000000008007b84                . = ALIGN (0x4)

.ARM            0x0000000008007b84        0x8
                0x0000000008007b84                . = ALIGN (0x4)
                0x0000000008007b84                __exidx_start = .
 *(.ARM.exidx*)
 .ARM.exidx     0x0000000008007b84        0x8 c:/st/stm32cubeide_1.12.1/stm32cubeide/plugins/com.st.stm32cube.ide.mcu.externaltools.gnu-tools-for-stm32.10.3-2021.10.win32_1.0.200.202301161003/tools/bin/../lib/gcc/arm-none-eabi/10.3.1/thumb/v7e-m+fp/hard\libgcc.a(_udivmoddi4.o)
                0x0000000008007b8c                __exidx_end = .
                0x0000000008007b8c                . = ALIGN (0x4)

.rel.dyn        0x0000000008007b8c        0x0
 .rel.iplt      0x0000000008007b8c        0x0 c:/st/stm32cubeide_1.12.1/stm32cubeide/plugins/com.st.stm32cube.ide.mcu.externaltools.gnu-tools-for-stm32.10.3-2021.10.win32_1.0.200.202301161003/tools/bin/../lib/gcc/arm-none-eabi/10.3.1/thumb/v7e-m+fp/hard/crtbegin.o

.preinit_array  0x0000000008007b8c        0x0
                0x0000000008007b8c                . = ALIGN (0x4)
                0x0000000008007b8c                PROVIDE (__preinit_array_start = .)
 *(.preinit_array*)
                0x0000000008007b8c                PROVIDE (__preinit_array_end = .)
                0x0000000008007b8c                . = ALIGN (0x4)

.init_array     0x0000000008007b8c        0x4
                0x0000000008007b8c                . = ALIGN (0x4)
                0x0000000008007b8c                PROVIDE (__init_array_start = .)
 *(SORT_BY_NAME(.init_array.*))
 *(.init_array*)
 .init_array    0x0000000008007b8c        0x4 c:/st/stm32cubeide_1.12.1/stm32cubeide/plugins/com.st.stm32cube.ide.mcu.externaltools.gnu-tools-for-stm32.10.3-2021.10.win32_1.0.200.202301161003/tools/bin/../lib/gcc/arm-none-eabi/10.3.1/thumb/v7e-m+fp/hard/crtbegin.o
                0x0000000008007b90                PROVIDE (__init_array_end = .)
                0x0000000008007b90                . = ALIGN (0x4)

.fini_array     0x0000000008007b90        0x4
                0x0000000008007b90                . = ALIGN (0x4)
                [!provide]                        PROVIDE (__fini_array_start = .)
 *(SORT_BY_NAME(.fini_array.*))
 *(.fini_array*)
 .fini_array    0x0000000008007b90        0x4 c:/st/stm32cubeide_1.12.1/stm32cubeide/plugins/com.st.stm32cube.ide.mcu.externaltools.gnu-tools-for-stm32.10.3-2021.10.win32_1.0.200.202301161003/tools/bin/../lib/gcc/arm-none-eabi/10.3.1/thumb/v7e-m+fp/hard/crtbegin.o
                [!provide]                        PROVIDE (__fini_array_end = .)
                0x0000000008007b94                . = ALIGN (0x4)
                0x0000000008007b94                _sidata = LOADADDR (.data)

.data           0x0000000020000000       0xcc load address 0x0000000008007b94
                0x0000000020000000                . = ALIGN (0x4)
                0x0000000020000000                _sdata = .
 *(.data)
 *(.data*)
 .data.DMD_1COLOR_ScreenHeight
                0x0000000020000000        0x1 ./Core/Src/disp1color.o
                0x0000000020000000                DMD_1COLOR_ScreenHeight
 .data.DMD_1COLOR_ScreenWidth
                0x0000000020000001        0x1 ./Core/Src/disp1color.o
                0x0000000020000001                DMD_1COLOR_ScreenWidth
 .data.x0_bird  0x0000000020000002        0x1 ./Core/Src/main.o
                0x0000000020000002                x0_bird
 *fill*         0x0000000020000003        0x1 
 .data.rectangle_y1_array
                0x0000000020000004       0x2c ./Core/Src/main.o
                0x0000000020000004                rectangle_y1_array
 .data.rectangle_y2_array
                0x0000000020000030       0x2c ./Core/Src/main.o
                0x0000000020000030                rectangle_y2_array
 .data.SystemCoreClock
                0x000000002000005c        0x4 ./Core/Src/system_stm32f4xx.o
                0x000000002000005c                SystemCoreClock
 .data.uwTickPrio
                0x0000000020000060        0x4 ./Drivers/STM32F4xx_HAL_Driver/Src/stm32f4xx_hal.o
                0x0000000020000060                uwTickPrio
 .data.uwTickFreq
                0x0000000020000064        0x1 ./Drivers/STM32F4xx_HAL_Driver/Src/stm32f4xx_hal.o
                0x0000000020000064                uwTickFreq
 *fill*         0x0000000020000065        0x3 
 .data._impure_ptr
                0x0000000020000068        0x4 c:/st/stm32cubeide_1.12.1/stm32cubeide/plugins/com.st.stm32cube.ide.mcu.externaltools.gnu-tools-for-stm32.10.3-2021.10.win32_1.0.200.202301161003/tools/bin/../lib/gcc/arm-none-eabi/10.3.1/../../../../arm-none-eabi/lib/thumb/v7e-m+fp/hard\libc_nano.a(lib_a-impure.o)
                0x0000000020000068                _impure_ptr
 .data.impure_data
                0x000000002000006c       0x60 c:/st/stm32cubeide_1.12.1/stm32cubeide/plugins/com.st.stm32cube.ide.mcu.externaltools.gnu-tools-for-stm32.10.3-2021.10.win32_1.0.200.202301161003/tools/bin/../lib/gcc/arm-none-eabi/10.3.1/../../../../arm-none-eabi/lib/thumb/v7e-m+fp/hard\libc_nano.a(lib_a-impure.o)
 *(.RamFunc)
 *(.RamFunc*)
                0x00000000200000cc                . = ALIGN (0x4)
                0x00000000200000cc                _edata = .

.igot.plt       0x00000000200000cc        0x0 load address 0x0000000008007c60
 .igot.plt      0x00000000200000cc        0x0 c:/st/stm32cubeide_1.12.1/stm32cubeide/plugins/com.st.stm32cube.ide.mcu.externaltools.gnu-tools-for-stm32.10.3-2021.10.win32_1.0.200.202301161003/tools/bin/../lib/gcc/arm-none-eabi/10.3.1/thumb/v7e-m+fp/hard/crtbegin.o
                0x00000000200000cc                . = ALIGN (0x4)

.bss            0x00000000200000cc      0x320 load address 0x0000000008007c60
                0x00000000200000cc                _sbss = .
                0x00000000200000cc                __bss_start__ = _sbss
 *(.bss)
 .bss           0x00000000200000cc       0x1c c:/st/stm32cubeide_1.12.1/stm32cubeide/plugins/com.st.stm32cube.ide.mcu.externaltools.gnu-tools-for-stm32.10.3-2021.10.win32_1.0.200.202301161003/tools/bin/../lib/gcc/arm-none-eabi/10.3.1/thumb/v7e-m+fp/hard/crtbegin.o
 *(.bss*)
 .bss.hadc1     0x00000000200000e8       0x48 ./Core/Src/adc.o
                0x00000000200000e8                hadc1
 .bss.DMD_1COLOR_MatrixBuff
                0x0000000020000130       0x40 ./Core/Src/disp1color.o
                0x0000000020000130                DMD_1COLOR_MatrixBuff
 .bss.DMD_1COLOR_Buff
                0x0000000020000170       0x40 ./Core/Src/disp1color.o
                0x0000000020000170                DMD_1COLOR_Buff
 .bss.disp1color_buff
                0x00000000200001b0       0x40 ./Core/Src/disp1color.o
                0x00000000200001b0                disp1color_buff
 .bss.data1     0x00000000200001f0       0x10 ./Core/Src/disp1color.o
                0x00000000200001f0                data1
 .bss.data2     0x0000000020000200       0x10 ./Core/Src/disp1color.o
                0x0000000020000200                data2
 .bss.data3     0x0000000020000210       0x10 ./Core/Src/disp1color.o
                0x0000000020000210                data3
 .bss.data4     0x0000000020000220       0x10 ./Core/Src/disp1color.o
                0x0000000020000220                data4
 .bss.y0_bird   0x0000000020000230        0x1 ./Core/Src/main.o
                0x0000000020000230                y0_bird
 .bss.State     0x0000000020000231        0x1 ./Core/Src/main.o
                0x0000000020000231                State
 .bss.rectangle_x1
                0x0000000020000232        0x1 ./Core/Src/main.o
                0x0000000020000232                rectangle_x1
 .bss.rectangle_y1
                0x0000000020000233        0x1 ./Core/Src/main.o
                0x0000000020000233                rectangle_y1
 .bss.rectangle_x2
                0x0000000020000234        0x1 ./Core/Src/main.o
                0x0000000020000234                rectangle_x2
 .bss.rectangle_y2
                0x0000000020000235        0x1 ./Core/Src/main.o
                0x0000000020000235                rectangle_y2
 *fill*         0x0000000020000236        0x2 
 .bss.median_filter_MIC
                0x0000000020000238       0x22 ./Core/Src/main.o
                0x0000000020000238                median_filter_MIC
 *fill*         0x000000002000025a        0x2 
 .bss.FlappyBird
                0x000000002000025c       0x3e ./Core/Src/main.o
                0x000000002000025c                FlappyBird
 .bss.volume    0x000000002000029a        0x2 ./Core/Src/main.o
                0x000000002000029a                volume
 .bss.lose      0x000000002000029c        0x1 ./Core/Src/main.o
                0x000000002000029c                lose
 *fill*         0x000000002000029d        0x3 
 .bss.hspi1     0x00000000200002a0       0x58 ./Core/Src/spi.o
                0x00000000200002a0                hspi1
 .bss.counter_wall
                0x00000000200002f8        0x1 ./Core/Src/stm32f4xx_it.o
                0x00000000200002f8                counter_wall
 .bss.counter_mode
                0x00000000200002f9        0x1 ./Core/Src/stm32f4xx_it.o
                0x00000000200002f9                counter_mode
 *fill*         0x00000000200002fa        0x2 
 .bss.__sbrk_heap_end
                0x00000000200002fc        0x4 ./Core/Src/sysmem.o
 .bss.htim1     0x0000000020000300       0x48 ./Core/Src/tim.o
                0x0000000020000300                htim1
 .bss.htim2     0x0000000020000348       0x48 ./Core/Src/tim.o
                0x0000000020000348                htim2
 .bss.htim3     0x0000000020000390       0x48 ./Core/Src/tim.o
                0x0000000020000390                htim3
 .bss.uwTick    0x00000000200003d8        0x4 ./Drivers/STM32F4xx_HAL_Driver/Src/stm32f4xx_hal.o
                0x00000000200003d8                uwTick
 .bss.__lock___malloc_recursive_mutex
                0x00000000200003dc        0x1 c:/st/stm32cubeide_1.12.1/stm32cubeide/plugins/com.st.stm32cube.ide.mcu.externaltools.gnu-tools-for-stm32.10.3-2021.10.win32_1.0.200.202301161003/tools/bin/../lib/gcc/arm-none-eabi/10.3.1/../../../../arm-none-eabi/lib/thumb/v7e-m+fp/hard\libc_nano.a(lib_a-lock.o)
                0x00000000200003dc                __lock___malloc_recursive_mutex
 *fill*         0x00000000200003dd        0x3 
 .bss.__malloc_free_list
                0x00000000200003e0        0x4 c:/st/stm32cubeide_1.12.1/stm32cubeide/plugins/com.st.stm32cube.ide.mcu.externaltools.gnu-tools-for-stm32.10.3-2021.10.win32_1.0.200.202301161003/tools/bin/../lib/gcc/arm-none-eabi/10.3.1/../../../../arm-none-eabi/lib/thumb/v7e-m+fp/hard\libc_nano.a(lib_a-nano-mallocr.o)
                0x00000000200003e0                __malloc_free_list
 .bss.__malloc_sbrk_start
                0x00000000200003e4        0x4 c:/st/stm32cubeide_1.12.1/stm32cubeide/plugins/com.st.stm32cube.ide.mcu.externaltools.gnu-tools-for-stm32.10.3-2021.10.win32_1.0.200.202301161003/tools/bin/../lib/gcc/arm-none-eabi/10.3.1/../../../../arm-none-eabi/lib/thumb/v7e-m+fp/hard\libc_nano.a(lib_a-nano-mallocr.o)
                0x00000000200003e4                __malloc_sbrk_start
 .bss.errno     0x00000000200003e8        0x4 c:/st/stm32cubeide_1.12.1/stm32cubeide/plugins/com.st.stm32cube.ide.mcu.externaltools.gnu-tools-for-stm32.10.3-2021.10.win32_1.0.200.202301161003/tools/bin/../lib/gcc/arm-none-eabi/10.3.1/../../../../arm-none-eabi/lib/thumb/v7e-m+fp/hard\libc_nano.a(lib_a-reent.o)
                0x00000000200003e8                errno
 *(COMMON)
                0x00000000200003ec                . = ALIGN (0x4)
                0x00000000200003ec                _ebss = .
                0x00000000200003ec                __bss_end__ = _ebss

._user_heap_stack
                0x00000000200003ec      0x604 load address 0x0000000008007c60
                0x00000000200003f0                . = ALIGN (0x8)
 *fill*         0x00000000200003ec        0x4 
                [!provide]                        PROVIDE (end = .)
                0x00000000200003f0                PROVIDE (_end = .)
                0x00000000200005f0                . = (. + _Min_Heap_Size)
 *fill*         0x00000000200003f0      0x200 
                0x00000000200009f0                . = (. + _Min_Stack_Size)
 *fill*         0x00000000200005f0      0x400 
                0x00000000200009f0                . = ALIGN (0x8)

/DISCARD/
 libc.a(*)
 libm.a(*)
 libgcc.a(*)

.ARM.attributes
                0x0000000000000000       0x30
 *(.ARM.attributes)
 .ARM.attributes
                0x0000000000000000       0x1e c:/st/stm32cubeide_1.12.1/stm32cubeide/plugins/com.st.stm32cube.ide.mcu.externaltools.gnu-tools-for-stm32.10.3-2021.10.win32_1.0.200.202301161003/tools/bin/../lib/gcc/arm-none-eabi/10.3.1/thumb/v7e-m+fp/hard/crti.o
 .ARM.attributes
                0x000000000000001e       0x34 c:/st/stm32cubeide_1.12.1/stm32cubeide/plugins/com.st.stm32cube.ide.mcu.externaltools.gnu-tools-for-stm32.10.3-2021.10.win32_1.0.200.202301161003/tools/bin/../lib/gcc/arm-none-eabi/10.3.1/thumb/v7e-m+fp/hard/crtbegin.o
 .ARM.attributes
                0x0000000000000052       0x34 ./Core/Src/FlappyBird.o
 .ARM.attributes
                0x0000000000000086       0x34 ./Core/Src/adc.o
 .ARM.attributes
                0x00000000000000ba       0x34 ./Core/Src/disp1color.o
 .ARM.attributes
                0x00000000000000ee       0x34 ./Core/Src/f10x16f.o
 .ARM.attributes
                0x0000000000000122       0x34 ./Core/Src/f6x8m.o
 .ARM.attributes
                0x0000000000000156       0x34 ./Core/Src/font.o
 .ARM.attributes
                0x000000000000018a       0x34 ./Core/Src/gpio.o
 .ARM.attributes
                0x00000000000001be       0x34 ./Core/Src/main.o
 .ARM.attributes
                0x00000000000001f2       0x34 ./Core/Src/median.o
 .ARM.attributes
                0x0000000000000226       0x34 ./Core/Src/spi.o
 .ARM.attributes
                0x000000000000025a       0x34 ./Core/Src/stm32f4xx_hal_msp.o
 .ARM.attributes
                0x000000000000028e       0x34 ./Core/Src/stm32f4xx_it.o
 .ARM.attributes
                0x00000000000002c2       0x34 ./Core/Src/sysmem.o
 .ARM.attributes
                0x00000000000002f6       0x34 ./Core/Src/system_stm32f4xx.o
 .ARM.attributes
                0x000000000000032a       0x34 ./Core/Src/tim.o
 .ARM.attributes
                0x000000000000035e       0x21 ./Core/Startup/startup_stm32f411vetx.o
 .ARM.attributes
                0x000000000000037f       0x34 ./Drivers/STM32F4xx_HAL_Driver/Src/stm32f4xx_hal.o
 .ARM.attributes
                0x00000000000003b3       0x34 ./Drivers/STM32F4xx_HAL_Driver/Src/stm32f4xx_hal_adc.o
 .ARM.attributes
                0x00000000000003e7       0x34 ./Drivers/STM32F4xx_HAL_Driver/Src/stm32f4xx_hal_cortex.o
 .ARM.attributes
                0x000000000000041b       0x34 ./Drivers/STM32F4xx_HAL_Driver/Src/stm32f4xx_hal_gpio.o
 .ARM.attributes
                0x000000000000044f       0x34 ./Drivers/STM32F4xx_HAL_Driver/Src/stm32f4xx_hal_rcc.o
 .ARM.attributes
                0x0000000000000483       0x34 ./Drivers/STM32F4xx_HAL_Driver/Src/stm32f4xx_hal_spi.o
 .ARM.attributes
                0x00000000000004b7       0x34 ./Drivers/STM32F4xx_HAL_Driver/Src/stm32f4xx_hal_tim.o
 .ARM.attributes
                0x00000000000004eb       0x34 ./Drivers/STM32F4xx_HAL_Driver/Src/stm32f4xx_hal_tim_ex.o
 .ARM.attributes
                0x000000000000051f       0x34 c:/st/stm32cubeide_1.12.1/stm32cubeide/plugins/com.st.stm32cube.ide.mcu.externaltools.gnu-tools-for-stm32.10.3-2021.10.win32_1.0.200.202301161003/tools/bin/../lib/gcc/arm-none-eabi/10.3.1/../../../../arm-none-eabi/lib/thumb/v7e-m+fp/hard\libc_nano.a(lib_a-errno.o)
 .ARM.attributes
                0x0000000000000553       0x34 c:/st/stm32cubeide_1.12.1/stm32cubeide/plugins/com.st.stm32cube.ide.mcu.externaltools.gnu-tools-for-stm32.10.3-2021.10.win32_1.0.200.202301161003/tools/bin/../lib/gcc/arm-none-eabi/10.3.1/../../../../arm-none-eabi/lib/thumb/v7e-m+fp/hard\libc_nano.a(lib_a-impure.o)
 .ARM.attributes
                0x0000000000000587       0x34 c:/st/stm32cubeide_1.12.1/stm32cubeide/plugins/com.st.stm32cube.ide.mcu.externaltools.gnu-tools-for-stm32.10.3-2021.10.win32_1.0.200.202301161003/tools/bin/../lib/gcc/arm-none-eabi/10.3.1/../../../../arm-none-eabi/lib/thumb/v7e-m+fp/hard\libc_nano.a(lib_a-init.o)
 .ARM.attributes
                0x00000000000005bb       0x34 c:/st/stm32cubeide_1.12.1/stm32cubeide/plugins/com.st.stm32cube.ide.mcu.externaltools.gnu-tools-for-stm32.10.3-2021.10.win32_1.0.200.202301161003/tools/bin/../lib/gcc/arm-none-eabi/10.3.1/../../../../arm-none-eabi/lib/thumb/v7e-m+fp/hard\libc_nano.a(lib_a-memcpy-stub.o)
 .ARM.attributes
                0x00000000000005ef       0x34 c:/st/stm32cubeide_1.12.1/stm32cubeide/plugins/com.st.stm32cube.ide.mcu.externaltools.gnu-tools-for-stm32.10.3-2021.10.win32_1.0.200.202301161003/tools/bin/../lib/gcc/arm-none-eabi/10.3.1/../../../../arm-none-eabi/lib/thumb/v7e-m+fp/hard\libc_nano.a(lib_a-memset.o)
 .ARM.attributes
                0x0000000000000623       0x17 c:/st/stm32cubeide_1.12.1/stm32cubeide/plugins/com.st.stm32cube.ide.mcu.externaltools.gnu-tools-for-stm32.10.3-2021.10.win32_1.0.200.202301161003/tools/bin/../lib/gcc/arm-none-eabi/10.3.1/../../../../arm-none-eabi/lib/thumb/v7e-m+fp/hard\libc_nano.a(lib_a-strlen.o)
 .ARM.attributes
                0x000000000000063a       0x34 c:/st/stm32cubeide_1.12.1/stm32cubeide/plugins/com.st.stm32cube.ide.mcu.externaltools.gnu-tools-for-stm32.10.3-2021.10.win32_1.0.200.202301161003/tools/bin/../lib/gcc/arm-none-eabi/10.3.1/../../../../arm-none-eabi/lib/thumb/v7e-m+fp/hard\libc_nano.a(lib_a-vsnprintf.o)
 .ARM.attributes
                0x000000000000066e       0x34 c:/st/stm32cubeide_1.12.1/stm32cubeide/plugins/com.st.stm32cube.ide.mcu.externaltools.gnu-tools-for-stm32.10.3-2021.10.win32_1.0.200.202301161003/tools/bin/../lib/gcc/arm-none-eabi/10.3.1/../../../../arm-none-eabi/lib/thumb/v7e-m+fp/hard\libc_nano.a(lib_a-findfp.o)
 .ARM.attributes
                0x00000000000006a2       0x34 c:/st/stm32cubeide_1.12.1/stm32cubeide/plugins/com.st.stm32cube.ide.mcu.externaltools.gnu-tools-for-stm32.10.3-2021.10.win32_1.0.200.202301161003/tools/bin/../lib/gcc/arm-none-eabi/10.3.1/../../../../arm-none-eabi/lib/thumb/v7e-m+fp/hard\libc_nano.a(lib_a-lock.o)
 .ARM.attributes
                0x00000000000006d6       0x34 c:/st/stm32cubeide_1.12.1/stm32cubeide/plugins/com.st.stm32cube.ide.mcu.externaltools.gnu-tools-for-stm32.10.3-2021.10.win32_1.0.200.202301161003/tools/bin/../lib/gcc/arm-none-eabi/10.3.1/../../../../arm-none-eabi/lib/thumb/v7e-m+fp/hard\libc_nano.a(lib_a-nano-mallocr.o)
 .ARM.attributes
                0x000000000000070a       0x34 c:/st/stm32cubeide_1.12.1/stm32cubeide/plugins/com.st.stm32cube.ide.mcu.externaltools.gnu-tools-for-stm32.10.3-2021.10.win32_1.0.200.202301161003/tools/bin/../lib/gcc/arm-none-eabi/10.3.1/../../../../arm-none-eabi/lib/thumb/v7e-m+fp/hard\libc_nano.a(lib_a-nano-svfprintf.o)
 .ARM.attributes
                0x000000000000073e       0x34 c:/st/stm32cubeide_1.12.1/stm32cubeide/plugins/com.st.stm32cube.ide.mcu.externaltools.gnu-tools-for-stm32.10.3-2021.10.win32_1.0.200.202301161003/tools/bin/../lib/gcc/arm-none-eabi/10.3.1/../../../../arm-none-eabi/lib/thumb/v7e-m+fp/hard\libc_nano.a(lib_a-nano-vfprintf_i.o)
 .ARM.attributes
                0x0000000000000772       0x34 c:/st/stm32cubeide_1.12.1/stm32cubeide/plugins/com.st.stm32cube.ide.mcu.externaltools.gnu-tools-for-stm32.10.3-2021.10.win32_1.0.200.202301161003/tools/bin/../lib/gcc/arm-none-eabi/10.3.1/../../../../arm-none-eabi/lib/thumb/v7e-m+fp/hard\libc_nano.a(lib_a-sbrkr.o)
 .ARM.attributes
                0x00000000000007a6       0x1c c:/st/stm32cubeide_1.12.1/stm32cubeide/plugins/com.st.stm32cube.ide.mcu.externaltools.gnu-tools-for-stm32.10.3-2021.10.win32_1.0.200.202301161003/tools/bin/../lib/gcc/arm-none-eabi/10.3.1/../../../../arm-none-eabi/lib/thumb/v7e-m+fp/hard\libc_nano.a(lib_a-memchr.o)
 .ARM.attributes
                0x00000000000007c2       0x34 c:/st/stm32cubeide_1.12.1/stm32cubeide/plugins/com.st.stm32cube.ide.mcu.externaltools.gnu-tools-for-stm32.10.3-2021.10.win32_1.0.200.202301161003/tools/bin/../lib/gcc/arm-none-eabi/10.3.1/../../../../arm-none-eabi/lib/thumb/v7e-m+fp/hard\libc_nano.a(lib_a-memmove.o)
 .ARM.attributes
                0x00000000000007f6       0x34 c:/st/stm32cubeide_1.12.1/stm32cubeide/plugins/com.st.stm32cube.ide.mcu.externaltools.gnu-tools-for-stm32.10.3-2021.10.win32_1.0.200.202301161003/tools/bin/../lib/gcc/arm-none-eabi/10.3.1/../../../../arm-none-eabi/lib/thumb/v7e-m+fp/hard\libc_nano.a(lib_a-mlock.o)
 .ARM.attributes
                0x000000000000082a       0x34 c:/st/stm32cubeide_1.12.1/stm32cubeide/plugins/com.st.stm32cube.ide.mcu.externaltools.gnu-tools-for-stm32.10.3-2021.10.win32_1.0.200.202301161003/tools/bin/../lib/gcc/arm-none-eabi/10.3.1/../../../../arm-none-eabi/lib/thumb/v7e-m+fp/hard\libc_nano.a(lib_a-nano-freer.o)
 .ARM.attributes
                0x000000000000085e       0x34 c:/st/stm32cubeide_1.12.1/stm32cubeide/plugins/com.st.stm32cube.ide.mcu.externaltools.gnu-tools-for-stm32.10.3-2021.10.win32_1.0.200.202301161003/tools/bin/../lib/gcc/arm-none-eabi/10.3.1/../../../../arm-none-eabi/lib/thumb/v7e-m+fp/hard\libc_nano.a(lib_a-nano-reallocr.o)
 .ARM.attributes
                0x0000000000000892       0x34 c:/st/stm32cubeide_1.12.1/stm32cubeide/plugins/com.st.stm32cube.ide.mcu.externaltools.gnu-tools-for-stm32.10.3-2021.10.win32_1.0.200.202301161003/tools/bin/../lib/gcc/arm-none-eabi/10.3.1/../../../../arm-none-eabi/lib/thumb/v7e-m+fp/hard\libc_nano.a(lib_a-reent.o)
 .ARM.attributes
                0x00000000000008c6       0x34 c:/st/stm32cubeide_1.12.1/stm32cubeide/plugins/com.st.stm32cube.ide.mcu.externaltools.gnu-tools-for-stm32.10.3-2021.10.win32_1.0.200.202301161003/tools/bin/../lib/gcc/arm-none-eabi/10.3.1/../../../../arm-none-eabi/lib/thumb/v7e-m+fp/hard\libc_nano.a(lib_a-nano-msizer.o)
 .ARM.attributes
                0x00000000000008fa       0x1e c:/st/stm32cubeide_1.12.1/stm32cubeide/plugins/com.st.stm32cube.ide.mcu.externaltools.gnu-tools-for-stm32.10.3-2021.10.win32_1.0.200.202301161003/tools/bin/../lib/gcc/arm-none-eabi/10.3.1/thumb/v7e-m+fp/hard\libgcc.a(_aeabi_uldivmod.o)
 .ARM.attributes
                0x0000000000000918       0x34 c:/st/stm32cubeide_1.12.1/stm32cubeide/plugins/com.st.stm32cube.ide.mcu.externaltools.gnu-tools-for-stm32.10.3-2021.10.win32_1.0.200.202301161003/tools/bin/../lib/gcc/arm-none-eabi/10.3.1/thumb/v7e-m+fp/hard\libgcc.a(_udivmoddi4.o)
 .ARM.attributes
                0x000000000000094c       0x1e c:/st/stm32cubeide_1.12.1/stm32cubeide/plugins/com.st.stm32cube.ide.mcu.externaltools.gnu-tools-for-stm32.10.3-2021.10.win32_1.0.200.202301161003/tools/bin/../lib/gcc/arm-none-eabi/10.3.1/thumb/v7e-m+fp/hard\libgcc.a(_dvmd_tls.o)
 .ARM.attributes
                0x000000000000096a       0x1e c:/st/stm32cubeide_1.12.1/stm32cubeide/plugins/com.st.stm32cube.ide.mcu.externaltools.gnu-tools-for-stm32.10.3-2021.10.win32_1.0.200.202301161003/tools/bin/../lib/gcc/arm-none-eabi/10.3.1/thumb/v7e-m+fp/hard/crtn.o
OUTPUT(lab5.elf elf32-littlearm)
LOAD linker stubs
LOAD c:/st/stm32cubeide_1.12.1/stm32cubeide/plugins/com.st.stm32cube.ide.mcu.externaltools.gnu-tools-for-stm32.10.3-2021.10.win32_1.0.200.202301161003/tools/bin/../lib/gcc/arm-none-eabi/10.3.1/../../../../arm-none-eabi/lib/thumb/v7e-m+fp/hard\libc.a
LOAD c:/st/stm32cubeide_1.12.1/stm32cubeide/plugins/com.st.stm32cube.ide.mcu.externaltools.gnu-tools-for-stm32.10.3-2021.10.win32_1.0.200.202301161003/tools/bin/../lib/gcc/arm-none-eabi/10.3.1/../../../../arm-none-eabi/lib/thumb/v7e-m+fp/hard\libm.a
LOAD c:/st/stm32cubeide_1.12.1/stm32cubeide/plugins/com.st.stm32cube.ide.mcu.externaltools.gnu-tools-for-stm32.10.3-2021.10.win32_1.0.200.202301161003/tools/bin/../lib/gcc/arm-none-eabi/10.3.1/thumb/v7e-m+fp/hard\libgcc.a

.debug_info     0x0000000000000000     0xef8b
 .debug_info    0x0000000000000000      0x1bc ./Core/Src/FlappyBird.o
 .debug_info    0x00000000000001bc      0xa4d ./Core/Src/adc.o
 .debug_info    0x0000000000000c09      0x9d6 ./Core/Src/disp1color.o
 .debug_info    0x00000000000015df       0xe8 ./Core/Src/f10x16f.o
 .debug_info    0x00000000000016c7       0xe8 ./Core/Src/f6x8m.o
 .debug_info    0x00000000000017af      0x191 ./Core/Src/font.o
 .debug_info    0x0000000000001940      0x49d ./Core/Src/gpio.o
 .debug_info    0x0000000000001ddd     0x1487 ./Core/Src/main.o
 .debug_info    0x0000000000003264      0x1a5 ./Core/Src/median.o
 .debug_info    0x0000000000003409      0xa0f ./Core/Src/spi.o
 .debug_info    0x0000000000003e18      0x2d4 ./Core/Src/stm32f4xx_hal_msp.o
 .debug_info    0x00000000000040ec      0xc18 ./Core/Src/stm32f4xx_it.o
 .debug_info    0x0000000000004d04      0x171 ./Core/Src/sysmem.o
 .debug_info    0x0000000000004e75      0x54f ./Core/Src/system_stm32f4xx.o
 .debug_info    0x00000000000053c4      0xdac ./Core/Src/tim.o
 .debug_info    0x0000000000006170       0x22 ./Core/Startup/startup_stm32f411vetx.o
 .debug_info    0x0000000000006192      0x90d ./Drivers/STM32F4xx_HAL_Driver/Src/stm32f4xx_hal.o
 .debug_info    0x0000000000006a9f      0xd68 ./Drivers/STM32F4xx_HAL_Driver/Src/stm32f4xx_hal_adc.o
 .debug_info    0x0000000000007807      0xd8b ./Drivers/STM32F4xx_HAL_Driver/Src/stm32f4xx_hal_cortex.o
 .debug_info    0x0000000000008592      0x78e ./Drivers/STM32F4xx_HAL_Driver/Src/stm32f4xx_hal_gpio.o
 .debug_info    0x0000000000008d20      0x98d ./Drivers/STM32F4xx_HAL_Driver/Src/stm32f4xx_hal_rcc.o
 .debug_info    0x00000000000096ad     0x1750 ./Drivers/STM32F4xx_HAL_Driver/Src/stm32f4xx_hal_spi.o
 .debug_info    0x000000000000adfd     0x2bb6 ./Drivers/STM32F4xx_HAL_Driver/Src/stm32f4xx_hal_tim.o
 .debug_info    0x000000000000d9b3     0x15d8 ./Drivers/STM32F4xx_HAL_Driver/Src/stm32f4xx_hal_tim_ex.o

.debug_abbrev   0x0000000000000000     0x28d4
 .debug_abbrev  0x0000000000000000      0x11b ./Core/Src/FlappyBird.o
 .debug_abbrev  0x000000000000011b      0x1e0 ./Core/Src/adc.o
 .debug_abbrev  0x00000000000002fb      0x23c ./Core/Src/disp1color.o
 .debug_abbrev  0x0000000000000537       0x9e ./Core/Src/f10x16f.o
 .debug_abbrev  0x00000000000005d5       0x9e ./Core/Src/f6x8m.o
 .debug_abbrev  0x0000000000000673       0xf4 ./Core/Src/font.o
 .debug_abbrev  0x0000000000000767      0x146 ./Core/Src/gpio.o
 .debug_abbrev  0x00000000000008ad      0x32e ./Core/Src/main.o
 .debug_abbrev  0x0000000000000bdb      0x10c ./Core/Src/median.o
 .debug_abbrev  0x0000000000000ce7      0x1e0 ./Core/Src/spi.o
 .debug_abbrev  0x0000000000000ec7       0xd4 ./Core/Src/stm32f4xx_hal_msp.o
 .debug_abbrev  0x0000000000000f9b      0x242 ./Core/Src/stm32f4xx_it.o
 .debug_abbrev  0x00000000000011dd       0xbb ./Core/Src/sysmem.o
 .debug_abbrev  0x0000000000001298      0x116 ./Core/Src/system_stm32f4xx.o
 .debug_abbrev  0x00000000000013ae      0x1fc ./Core/Src/tim.o
 .debug_abbrev  0x00000000000015aa       0x12 ./Core/Startup/startup_stm32f411vetx.o
 .debug_abbrev  0x00000000000015bc      0x23e ./Drivers/STM32F4xx_HAL_Driver/Src/stm32f4xx_hal.o
 .debug_abbrev  0x00000000000017fa      0x204 ./Drivers/STM32F4xx_HAL_Driver/Src/stm32f4xx_hal_adc.o
 .debug_abbrev  0x00000000000019fe      0x316 ./Drivers/STM32F4xx_HAL_Driver/Src/stm32f4xx_hal_cortex.o
 .debug_abbrev  0x0000000000001d14      0x1c4 ./Drivers/STM32F4xx_HAL_Driver/Src/stm32f4xx_hal_gpio.o
 .debug_abbrev  0x0000000000001ed8      0x2aa ./Drivers/STM32F4xx_HAL_Driver/Src/stm32f4xx_hal_rcc.o
 .debug_abbrev  0x0000000000002182      0x26e ./Drivers/STM32F4xx_HAL_Driver/Src/stm32f4xx_hal_spi.o
 .debug_abbrev  0x00000000000023f0      0x26e ./Drivers/STM32F4xx_HAL_Driver/Src/stm32f4xx_hal_tim.o
 .debug_abbrev  0x000000000000265e      0x276 ./Drivers/STM32F4xx_HAL_Driver/Src/stm32f4xx_hal_tim_ex.o

.debug_aranges  0x0000000000000000      0xe40
 .debug_aranges
                0x0000000000000000       0x28 ./Core/Src/FlappyBird.o
 .debug_aranges
                0x0000000000000028       0x30 ./Core/Src/adc.o
 .debug_aranges
                0x0000000000000058       0x90 ./Core/Src/disp1color.o
 .debug_aranges
                0x00000000000000e8       0x20 ./Core/Src/f10x16f.o
 .debug_aranges
                0x0000000000000108       0x20 ./Core/Src/f6x8m.o
 .debug_aranges
                0x0000000000000128       0x30 ./Core/Src/font.o
 .debug_aranges
                0x0000000000000158       0x20 ./Core/Src/gpio.o
 .debug_aranges
                0x0000000000000178       0x50 ./Core/Src/main.o
 .debug_aranges
                0x00000000000001c8       0x28 ./Core/Src/median.o
 .debug_aranges
                0x00000000000001f0       0x30 ./Core/Src/spi.o
 .debug_aranges
                0x0000000000000220       0x20 ./Core/Src/stm32f4xx_hal_msp.o
 .debug_aranges
                0x0000000000000240       0x78 ./Core/Src/stm32f4xx_it.o
 .debug_aranges
                0x00000000000002b8       0x20 ./Core/Src/sysmem.o
 .debug_aranges
                0x00000000000002d8       0x28 ./Core/Src/system_stm32f4xx.o
 .debug_aranges
                0x0000000000000300       0x40 ./Core/Src/tim.o
 .debug_aranges
                0x0000000000000340       0x28 ./Core/Startup/startup_stm32f411vetx.o
 .debug_aranges
                0x0000000000000368       0xf0 ./Drivers/STM32F4xx_HAL_Driver/Src/stm32f4xx_hal.o
 .debug_aranges
                0x0000000000000458       0xe8 ./Drivers/STM32F4xx_HAL_Driver/Src/stm32f4xx_hal_adc.o
 .debug_aranges
                0x0000000000000540      0x118 ./Drivers/STM32F4xx_HAL_Driver/Src/stm32f4xx_hal_cortex.o
 .debug_aranges
                0x0000000000000658       0x58 ./Drivers/STM32F4xx_HAL_Driver/Src/stm32f4xx_hal_gpio.o
 .debug_aranges
                0x00000000000006b0       0x88 ./Drivers/STM32F4xx_HAL_Driver/Src/stm32f4xx_hal_rcc.o
 .debug_aranges
                0x0000000000000738      0x1d0 ./Drivers/STM32F4xx_HAL_Driver/Src/stm32f4xx_hal_spi.o
 .debug_aranges
                0x0000000000000908      0x3d0 ./Drivers/STM32F4xx_HAL_Driver/Src/stm32f4xx_hal_tim.o
 .debug_aranges
                0x0000000000000cd8      0x168 ./Drivers/STM32F4xx_HAL_Driver/Src/stm32f4xx_hal_tim_ex.o

.debug_ranges   0x0000000000000000      0xcc8
 .debug_ranges  0x0000000000000000       0x18 ./Core/Src/FlappyBird.o
 .debug_ranges  0x0000000000000018       0x20 ./Core/Src/adc.o
 .debug_ranges  0x0000000000000038       0x80 ./Core/Src/disp1color.o
 .debug_ranges  0x00000000000000b8       0x10 ./Core/Src/f10x16f.o
 .debug_ranges  0x00000000000000c8       0x10 ./Core/Src/f6x8m.o
 .debug_ranges  0x00000000000000d8       0x20 ./Core/Src/font.o
 .debug_ranges  0x00000000000000f8       0x10 ./Core/Src/gpio.o
 .debug_ranges  0x0000000000000108       0x40 ./Core/Src/main.o
 .debug_ranges  0x0000000000000148       0x18 ./Core/Src/median.o
 .debug_ranges  0x0000000000000160       0x20 ./Core/Src/spi.o
 .debug_ranges  0x0000000000000180       0x10 ./Core/Src/stm32f4xx_hal_msp.o
 .debug_ranges  0x0000000000000190       0x68 ./Core/Src/stm32f4xx_it.o
 .debug_ranges  0x00000000000001f8       0x10 ./Core/Src/sysmem.o
 .debug_ranges  0x0000000000000208       0x18 ./Core/Src/system_stm32f4xx.o
 .debug_ranges  0x0000000000000220       0x30 ./Core/Src/tim.o
 .debug_ranges  0x0000000000000250       0x20 ./Core/Startup/startup_stm32f411vetx.o
 .debug_ranges  0x0000000000000270       0xe0 ./Drivers/STM32F4xx_HAL_Driver/Src/stm32f4xx_hal.o
 .debug_ranges  0x0000000000000350       0xd8 ./Drivers/STM32F4xx_HAL_Driver/Src/stm32f4xx_hal_adc.o
 .debug_ranges  0x0000000000000428      0x108 ./Drivers/STM32F4xx_HAL_Driver/Src/stm32f4xx_hal_cortex.o
 .debug_ranges  0x0000000000000530       0x48 ./Drivers/STM32F4xx_HAL_Driver/Src/stm32f4xx_hal_gpio.o
 .debug_ranges  0x0000000000000578       0x78 ./Drivers/STM32F4xx_HAL_Driver/Src/stm32f4xx_hal_rcc.o
 .debug_ranges  0x00000000000005f0      0x1c0 ./Drivers/STM32F4xx_HAL_Driver/Src/stm32f4xx_hal_spi.o
 .debug_ranges  0x00000000000007b0      0x3c0 ./Drivers/STM32F4xx_HAL_Driver/Src/stm32f4xx_hal_tim.o
 .debug_ranges  0x0000000000000b70      0x158 ./Drivers/STM32F4xx_HAL_Driver/Src/stm32f4xx_hal_tim_ex.o

.debug_macro    0x0000000000000000    0x198bc
 .debug_macro   0x0000000000000000      0x215 ./Core/Src/FlappyBird.o
 .debug_macro   0x0000000000000215      0xa78 ./Core/Src/FlappyBird.o
 .debug_macro   0x0000000000000c8d      0x2a1 ./Core/Src/FlappyBird.o
 .debug_macro   0x0000000000000f2e       0x2e ./Core/Src/FlappyBird.o
 .debug_macro   0x0000000000000f5c       0x28 ./Core/Src/FlappyBird.o
 .debug_macro   0x0000000000000f84       0x22 ./Core/Src/FlappyBird.o
 .debug_macro   0x0000000000000fa6       0x8e ./Core/Src/FlappyBird.o
 .debug_macro   0x0000000000001034       0x51 ./Core/Src/FlappyBird.o
 .debug_macro   0x0000000000001085      0x103 ./Core/Src/FlappyBird.o
 .debug_macro   0x0000000000001188       0x6a ./Core/Src/FlappyBird.o
 .debug_macro   0x00000000000011f2      0x1df ./Core/Src/FlappyBird.o
 .debug_macro   0x00000000000013d1       0x1c ./Core/Src/FlappyBird.o
 .debug_macro   0x00000000000013ed       0x22 ./Core/Src/FlappyBird.o
 .debug_macro   0x000000000000140f       0xd9 ./Core/Src/FlappyBird.o
 .debug_macro   0x00000000000014e8     0x102d ./Core/Src/FlappyBird.o
 .debug_macro   0x0000000000002515      0x11f ./Core/Src/FlappyBird.o
 .debug_macro   0x0000000000002634     0xb953 ./Core/Src/FlappyBird.o
 .debug_macro   0x000000000000df87       0x6d ./Core/Src/FlappyBird.o
 .debug_macro   0x000000000000dff4     0x367e ./Core/Src/FlappyBird.o
 .debug_macro   0x0000000000011672      0x174 ./Core/Src/FlappyBird.o
 .debug_macro   0x00000000000117e6       0x5c ./Core/Src/FlappyBird.o
 .debug_macro   0x0000000000011842      0x447 ./Core/Src/FlappyBird.o
 .debug_macro   0x0000000000011c89      0x9fe ./Core/Src/FlappyBird.o
 .debug_macro   0x0000000000012687      0x115 ./Core/Src/FlappyBird.o
 .debug_macro   0x000000000001279c      0x11b ./Core/Src/FlappyBird.o
 .debug_macro   0x00000000000128b7       0xa5 ./Core/Src/FlappyBird.o
 .debug_macro   0x000000000001295c      0x15f ./Core/Src/FlappyBird.o
 .debug_macro   0x0000000000012abb      0x287 ./Core/Src/FlappyBird.o
 .debug_macro   0x0000000000012d42       0x5f ./Core/Src/FlappyBird.o
 .debug_macro   0x0000000000012da1      0x236 ./Core/Src/FlappyBird.o
 .debug_macro   0x0000000000012fd7      0x9e1 ./Core/Src/FlappyBird.o
 .debug_macro   0x00000000000139b8      0x38b ./Core/Src/FlappyBird.o
 .debug_macro   0x0000000000013d43      0x17d ./Core/Src/FlappyBird.o
 .debug_macro   0x0000000000013ec0       0xf9 ./Core/Src/FlappyBird.o
 .debug_macro   0x0000000000013fb9      0x132 ./Core/Src/FlappyBird.o
 .debug_macro   0x00000000000140eb      0x264 ./Core/Src/FlappyBird.o
 .debug_macro   0x000000000001434f       0x2e ./Core/Src/FlappyBird.o
 .debug_macro   0x000000000001437d      0x11a ./Core/Src/FlappyBird.o
 .debug_macro   0x0000000000014497       0x85 ./Core/Src/FlappyBird.o
 .debug_macro   0x000000000001451c       0x89 ./Core/Src/FlappyBird.o
 .debug_macro   0x00000000000145a5      0x225 ./Core/Src/FlappyBird.o
 .debug_macro   0x00000000000147ca      0x8e6 ./Core/Src/FlappyBird.o
 .debug_macro   0x00000000000150b0       0x47 ./Core/Src/FlappyBird.o
 .debug_macro   0x00000000000150f7      0x126 ./Core/Src/FlappyBird.o
 .debug_macro   0x000000000001521d       0x34 ./Core/Src/FlappyBird.o
 .debug_macro   0x0000000000015251      0x20f ./Core/Src/adc.o
 .debug_macro   0x0000000000015460      0x25d ./Core/Src/disp1color.o
 .debug_macro   0x00000000000156bd       0x34 ./Core/Src/disp1color.o
 .debug_macro   0x00000000000156f1      0x6ac ./Core/Src/disp1color.o
 .debug_macro   0x0000000000015d9d       0x52 ./Core/Src/disp1color.o
 .debug_macro   0x0000000000015def       0x1e ./Core/Src/disp1color.o
 .debug_macro   0x0000000000015e0d       0x3c ./Core/Src/disp1color.o
 .debug_macro   0x0000000000015e49       0x34 ./Core/Src/disp1color.o
 .debug_macro   0x0000000000015e7d       0x16 ./Core/Src/disp1color.o
 .debug_macro   0x0000000000015e93       0x97 ./Core/Src/disp1color.o
 .debug_macro   0x0000000000015f2a      0x341 ./Core/Src/disp1color.o
 .debug_macro   0x000000000001626b       0xfd ./Core/Src/disp1color.o
 .debug_macro   0x0000000000016368       0x10 ./Core/Src/disp1color.o
 .debug_macro   0x0000000000016378       0x16 ./Core/Src/disp1color.o
 .debug_macro   0x000000000001638e       0x43 ./Core/Src/disp1color.o
 .debug_macro   0x00000000000163d1       0x34 ./Core/Src/disp1color.o
 .debug_macro   0x0000000000016405       0x10 ./Core/Src/disp1color.o
 .debug_macro   0x0000000000016415       0x58 ./Core/Src/disp1color.o
 .debug_macro   0x000000000001646d       0x71 ./Core/Src/disp1color.o
 .debug_macro   0x00000000000164de       0x1c ./Core/Src/disp1color.o
 .debug_macro   0x00000000000164fa      0x12a ./Core/Src/disp1color.o
 .debug_macro   0x0000000000016624       0x10 ./Core/Src/disp1color.o
 .debug_macro   0x0000000000016634       0x1c ./Core/Src/disp1color.o
 .debug_macro   0x0000000000016650       0x52 ./Core/Src/disp1color.o
 .debug_macro   0x00000000000166a2       0x22 ./Core/Src/disp1color.o
 .debug_macro   0x00000000000166c4       0x10 ./Core/Src/disp1color.o
 .debug_macro   0x00000000000166d4       0x52 ./Core/Src/disp1color.o
 .debug_macro   0x0000000000016726       0xd5 ./Core/Src/disp1color.o
 .debug_macro   0x00000000000167fb       0x1c ./Core/Src/disp1color.o
 .debug_macro   0x0000000000016817       0x3d ./Core/Src/disp1color.o
 .debug_macro   0x0000000000016854       0x16 ./Core/Src/disp1color.o
 .debug_macro   0x000000000001686a      0x145 ./Core/Src/disp1color.o
 .debug_macro   0x00000000000169af       0x16 ./Core/Src/disp1color.o
 .debug_macro   0x00000000000169c5       0x35 ./Core/Src/disp1color.o
 .debug_macro   0x00000000000169fa       0x16 ./Core/Src/disp1color.o
 .debug_macro   0x0000000000016a10       0x29 ./Core/Src/disp1color.o
 .debug_macro   0x0000000000016a39       0x4c ./Core/Src/disp1color.o
 .debug_macro   0x0000000000016a85       0x16 ./Core/Src/disp1color.o
 .debug_macro   0x0000000000016a9b       0x20 ./Core/Src/disp1color.o
 .debug_macro   0x0000000000016abb       0x10 ./Core/Src/disp1color.o
 .debug_macro   0x0000000000016acb       0x5e ./Core/Src/disp1color.o
 .debug_macro   0x0000000000016b29       0x7b ./Core/Src/f10x16f.o
 .debug_macro   0x0000000000016ba4      0x6a6 ./Core/Src/f10x16f.o
 .debug_macro   0x000000000001724a       0x1c ./Core/Src/f10x16f.o
 .debug_macro   0x0000000000017266       0x7b ./Core/Src/f6x8m.o
 .debug_macro   0x00000000000172e1       0x1c ./Core/Src/f6x8m.o
 .debug_macro   0x00000000000172fd       0x84 ./Core/Src/font.o
 .debug_macro   0x0000000000017381      0x20f ./Core/Src/gpio.o
 .debug_macro   0x0000000000017590      0x2cb ./Core/Src/main.o
 .debug_macro   0x000000000001785b       0x2e ./Core/Src/main.o
 .debug_macro   0x0000000000017889       0x34 ./Core/Src/main.o
 .debug_macro   0x00000000000178bd       0x10 ./Core/Src/main.o
 .debug_macro   0x00000000000178cd       0x10 ./Core/Src/main.o
 .debug_macro   0x00000000000178dd      0x215 ./Core/Src/median.o
 .debug_macro   0x0000000000017af2      0x20f ./Core/Src/spi.o
 .debug_macro   0x0000000000017d01      0x205 ./Core/Src/stm32f4xx_hal_msp.o
 .debug_macro   0x0000000000017f06      0x22c ./Core/Src/stm32f4xx_it.o
 .debug_macro   0x0000000000018132       0xff ./Core/Src/sysmem.o
 .debug_macro   0x0000000000018231      0x23b ./Core/Src/sysmem.o
 .debug_macro   0x000000000001846c      0x1f6 ./Core/Src/system_stm32f4xx.o
 .debug_macro   0x0000000000018662      0x20f ./Core/Src/tim.o
 .debug_macro   0x0000000000018871      0x256 ./Drivers/STM32F4xx_HAL_Driver/Src/stm32f4xx_hal.o
 .debug_macro   0x0000000000018ac7      0x1f7 ./Drivers/STM32F4xx_HAL_Driver/Src/stm32f4xx_hal_adc.o
 .debug_macro   0x0000000000018cbe      0x1f6 ./Drivers/STM32F4xx_HAL_Driver/Src/stm32f4xx_hal_cortex.o
 .debug_macro   0x0000000000018eb4      0x1fc ./Drivers/STM32F4xx_HAL_Driver/Src/stm32f4xx_hal_gpio.o
 .debug_macro   0x00000000000190b0      0x21a ./Drivers/STM32F4xx_HAL_Driver/Src/stm32f4xx_hal_rcc.o
 .debug_macro   0x00000000000192ca      0x205 ./Drivers/STM32F4xx_HAL_Driver/Src/stm32f4xx_hal_spi.o
 .debug_macro   0x00000000000194cf      0x1f7 ./Drivers/STM32F4xx_HAL_Driver/Src/stm32f4xx_hal_tim.o
 .debug_macro   0x00000000000196c6      0x1f6 ./Drivers/STM32F4xx_HAL_Driver/Src/stm32f4xx_hal_tim_ex.o

.debug_line     0x0000000000000000    0x11916
 .debug_line    0x0000000000000000      0x888 ./Core/Src/FlappyBird.o
 .debug_line    0x0000000000000888      0x789 ./Core/Src/adc.o
 .debug_line    0x0000000000001011      0xbc0 ./Core/Src/disp1color.o
 .debug_line    0x0000000000001bd1      0x3b0 ./Core/Src/f10x16f.o
 .debug_line    0x0000000000001f81      0x3ac ./Core/Src/f6x8m.o
 .debug_line    0x000000000000232d      0x3e8 ./Core/Src/font.o
 .debug_line    0x0000000000002715      0x727 ./Core/Src/gpio.o
 .debug_line    0x0000000000002e3c      0xada ./Core/Src/main.o
 .debug_line    0x0000000000003916      0x7c2 ./Core/Src/median.o
 .debug_line    0x00000000000040d8      0x77b ./Core/Src/spi.o
 .debug_line    0x0000000000004853      0x70a ./Core/Src/stm32f4xx_hal_msp.o
 .debug_line    0x0000000000004f5d      0x888 ./Core/Src/stm32f4xx_it.o
 .debug_line    0x00000000000057e5      0x4f4 ./Core/Src/sysmem.o
 .debug_line    0x0000000000005cd9      0x78b ./Core/Src/system_stm32f4xx.o
 .debug_line    0x0000000000006464      0x8a1 ./Core/Src/tim.o
 .debug_line    0x0000000000006d05       0x88 ./Core/Startup/startup_stm32f411vetx.o
 .debug_line    0x0000000000006d8d      0x9f1 ./Drivers/STM32F4xx_HAL_Driver/Src/stm32f4xx_hal.o
 .debug_line    0x000000000000777e     0x11a1 ./Drivers/STM32F4xx_HAL_Driver/Src/stm32f4xx_hal_adc.o
 .debug_line    0x000000000000891f      0xca0 ./Drivers/STM32F4xx_HAL_Driver/Src/stm32f4xx_hal_cortex.o
 .debug_line    0x00000000000095bf      0xb29 ./Drivers/STM32F4xx_HAL_Driver/Src/stm32f4xx_hal_gpio.o
 .debug_line    0x000000000000a0e8      0xd6b ./Drivers/STM32F4xx_HAL_Driver/Src/stm32f4xx_hal_rcc.o
 .debug_line    0x000000000000ae53     0x1c7b ./Drivers/STM32F4xx_HAL_Driver/Src/stm32f4xx_hal_spi.o
 .debug_line    0x000000000000cace     0x34bf ./Drivers/STM32F4xx_HAL_Driver/Src/stm32f4xx_hal_tim.o
 .debug_line    0x000000000000ff8d     0x1989 ./Drivers/STM32F4xx_HAL_Driver/Src/stm32f4xx_hal_tim_ex.o

.debug_str      0x0000000000000000    0x9ad62
 .debug_str     0x0000000000000000    0x9171d ./Core/Src/FlappyBird.o
                                      0x919a1 (size before relaxing)
 .debug_str     0x000000000009171d      0x631 ./Core/Src/adc.o
                                      0x91f45 (size before relaxing)
 .debug_str     0x0000000000091d4e     0x530e ./Core/Src/disp1color.o
                                       0x930a (size before relaxing)
 .debug_str     0x000000000009705c       0x87 ./Core/Src/f10x16f.o
                                       0x4a93 (size before relaxing)
 .debug_str     0x00000000000970e3       0x75 ./Core/Src/f6x8m.o
                                       0x4a81 (size before relaxing)
 .debug_str     0x0000000000097158       0x33 ./Core/Src/font.o
                                       0x4b41 (size before relaxing)
 .debug_str     0x000000000009718b       0x68 ./Core/Src/gpio.o
                                      0x91ad3 (size before relaxing)
 .debug_str     0x00000000000971f3      0x779 ./Core/Src/main.o
                                      0x94dce (size before relaxing)
 .debug_str     0x000000000009796c       0x2f ./Core/Src/median.o
                                      0x91973 (size before relaxing)
 .debug_str     0x000000000009799b       0x4b ./Core/Src/spi.o
                                      0x91f5f (size before relaxing)
 .debug_str     0x00000000000979e6       0x2c ./Core/Src/stm32f4xx_hal_msp.o
                                      0x91a08 (size before relaxing)
 .debug_str     0x0000000000097a12      0x175 ./Core/Src/stm32f4xx_it.o
                                      0x92289 (size before relaxing)
 .debug_str     0x0000000000097b87      0x4da ./Core/Src/sysmem.o
                                       0x5db1 (size before relaxing)
 .debug_str     0x0000000000098061       0xdb ./Core/Src/system_stm32f4xx.o
                                      0x91a22 (size before relaxing)
 .debug_str     0x000000000009813c      0x5f4 ./Core/Src/tim.o
                                      0x92569 (size before relaxing)
 .debug_str     0x0000000000098730       0x36 ./Core/Startup/startup_stm32f411vetx.o
                                         0x5b (size before relaxing)
 .debug_str     0x0000000000098766      0x60d ./Drivers/STM32F4xx_HAL_Driver/Src/stm32f4xx_hal.o
                                      0x9244e (size before relaxing)
 .debug_str     0x0000000000098d73      0x28a ./Drivers/STM32F4xx_HAL_Driver/Src/stm32f4xx_hal_adc.o
                                      0x91ffd (size before relaxing)
 .debug_str     0x0000000000098ffd      0x31c ./Drivers/STM32F4xx_HAL_Driver/Src/stm32f4xx_hal_cortex.o
                                      0x9216f (size before relaxing)
 .debug_str     0x0000000000099319      0x11c ./Drivers/STM32F4xx_HAL_Driver/Src/stm32f4xx_hal_gpio.o
                                      0x91b9d (size before relaxing)
 .debug_str     0x0000000000099435      0x233 ./Drivers/STM32F4xx_HAL_Driver/Src/stm32f4xx_hal_rcc.o
                                      0x91e56 (size before relaxing)
 .debug_str     0x0000000000099668      0x566 ./Drivers/STM32F4xx_HAL_Driver/Src/stm32f4xx_hal_spi.o
                                      0x922d4 (size before relaxing)
 .debug_str     0x0000000000099bce      0xdb3 ./Drivers/STM32F4xx_HAL_Driver/Src/stm32f4xx_hal_tim.o
                                      0x92d8a (size before relaxing)
 .debug_str     0x000000000009a981      0x3e1 ./Drivers/STM32F4xx_HAL_Driver/Src/stm32f4xx_hal_tim_ex.o
                                      0x925a6 (size before relaxing)

.comment        0x0000000000000000       0x50
 .comment       0x0000000000000000       0x50 ./Core/Src/FlappyBird.o
                                         0x51 (size before relaxing)
 .comment       0x0000000000000050       0x51 ./Core/Src/adc.o
 .comment       0x0000000000000050       0x51 ./Core/Src/disp1color.o
 .comment       0x0000000000000050       0x51 ./Core/Src/f10x16f.o
 .comment       0x0000000000000050       0x51 ./Core/Src/f6x8m.o
 .comment       0x0000000000000050       0x51 ./Core/Src/font.o
 .comment       0x0000000000000050       0x51 ./Core/Src/gpio.o
 .comment       0x0000000000000050       0x51 ./Core/Src/main.o
 .comment       0x0000000000000050       0x51 ./Core/Src/median.o
 .comment       0x0000000000000050       0x51 ./Core/Src/spi.o
 .comment       0x0000000000000050       0x51 ./Core/Src/stm32f4xx_hal_msp.o
 .comment       0x0000000000000050       0x51 ./Core/Src/stm32f4xx_it.o
 .comment       0x0000000000000050       0x51 ./Core/Src/sysmem.o
 .comment       0x0000000000000050       0x51 ./Core/Src/system_stm32f4xx.o
 .comment       0x0000000000000050       0x51 ./Core/Src/tim.o
 .comment       0x0000000000000050       0x51 ./Drivers/STM32F4xx_HAL_Driver/Src/stm32f4xx_hal.o
 .comment       0x0000000000000050       0x51 ./Drivers/STM32F4xx_HAL_Driver/Src/stm32f4xx_hal_adc.o
 .comment       0x0000000000000050       0x51 ./Drivers/STM32F4xx_HAL_Driver/Src/stm32f4xx_hal_cortex.o
 .comment       0x0000000000000050       0x51 ./Drivers/STM32F4xx_HAL_Driver/Src/stm32f4xx_hal_gpio.o
 .comment       0x0000000000000050       0x51 ./Drivers/STM32F4xx_HAL_Driver/Src/stm32f4xx_hal_rcc.o
 .comment       0x0000000000000050       0x51 ./Drivers/STM32F4xx_HAL_Driver/Src/stm32f4xx_hal_spi.o
 .comment       0x0000000000000050       0x51 ./Drivers/STM32F4xx_HAL_Driver/Src/stm32f4xx_hal_tim.o
 .comment       0x0000000000000050       0x51 ./Drivers/STM32F4xx_HAL_Driver/Src/stm32f4xx_hal_tim_ex.o

.debug_frame    0x0000000000000000     0x3e4c
 .debug_frame   0x0000000000000000       0x5c ./Core/Src/FlappyBird.o
 .debug_frame   0x000000000000005c       0x7c ./Core/Src/adc.o
 .debug_frame   0x00000000000000d8      0x250 ./Core/Src/disp1color.o
 .debug_frame   0x0000000000000328       0x38 ./Core/Src/f10x16f.o
 .debug_frame   0x0000000000000360       0x38 ./Core/Src/f6x8m.o
 .debug_frame   0x0000000000000398       0x84 ./Core/Src/font.o
 .debug_frame   0x000000000000041c       0x34 ./Core/Src/gpio.o
 .debug_frame   0x0000000000000450      0x100 ./Core/Src/main.o
 .debug_frame   0x0000000000000550       0x5c ./Core/Src/median.o
 .debug_frame   0x00000000000005ac       0x74 ./Core/Src/spi.o
 .debug_frame   0x0000000000000620       0x38 ./Core/Src/stm32f4xx_hal_msp.o
 .debug_frame   0x0000000000000658      0x158 ./Core/Src/stm32f4xx_it.o
 .debug_frame   0x00000000000007b0       0x34 ./Core/Src/sysmem.o
 .debug_frame   0x00000000000007e4       0x58 ./Core/Src/system_stm32f4xx.o
 .debug_frame   0x000000000000083c       0xc4 ./Core/Src/tim.o
 .debug_frame   0x0000000000000900      0x374 ./Drivers/STM32F4xx_HAL_Driver/Src/stm32f4xx_hal.o
 .debug_frame   0x0000000000000c74      0x3fc ./Drivers/STM32F4xx_HAL_Driver/Src/stm32f4xx_hal_adc.o
 .debug_frame   0x0000000000001070      0x498 ./Drivers/STM32F4xx_HAL_Driver/Src/stm32f4xx_hal_cortex.o
 .debug_frame   0x0000000000001508      0x14c ./Drivers/STM32F4xx_HAL_Driver/Src/stm32f4xx_hal_gpio.o
 .debug_frame   0x0000000000001654      0x1f4 ./Drivers/STM32F4xx_HAL_Driver/Src/stm32f4xx_hal_rcc.o
 .debug_frame   0x0000000000001848      0x824 ./Drivers/STM32F4xx_HAL_Driver/Src/stm32f4xx_hal_spi.o
 .debug_frame   0x000000000000206c     0x11bc ./Drivers/STM32F4xx_HAL_Driver/Src/stm32f4xx_hal_tim.o
 .debug_frame   0x0000000000003228      0x638 ./Drivers/STM32F4xx_HAL_Driver/Src/stm32f4xx_hal_tim_ex.o
 .debug_frame   0x0000000000003860       0x20 c:/st/stm32cubeide_1.12.1/stm32cubeide/plugins/com.st.stm32cube.ide.mcu.externaltools.gnu-tools-for-stm32.10.3-2021.10.win32_1.0.200.202301161003/tools/bin/../lib/gcc/arm-none-eabi/10.3.1/../../../../arm-none-eabi/lib/thumb/v7e-m+fp/hard\libc_nano.a(lib_a-errno.o)
 .debug_frame   0x0000000000003880       0x2c c:/st/stm32cubeide_1.12.1/stm32cubeide/plugins/com.st.stm32cube.ide.mcu.externaltools.gnu-tools-for-stm32.10.3-2021.10.win32_1.0.200.202301161003/tools/bin/../lib/gcc/arm-none-eabi/10.3.1/../../../../arm-none-eabi/lib/thumb/v7e-m+fp/hard\libc_nano.a(lib_a-init.o)
 .debug_frame   0x00000000000038ac       0x28 c:/st/stm32cubeide_1.12.1/stm32cubeide/plugins/com.st.stm32cube.ide.mcu.externaltools.gnu-tools-for-stm32.10.3-2021.10.win32_1.0.200.202301161003/tools/bin/../lib/gcc/arm-none-eabi/10.3.1/../../../../arm-none-eabi/lib/thumb/v7e-m+fp/hard\libc_nano.a(lib_a-memcpy-stub.o)
 .debug_frame   0x00000000000038d4       0x20 c:/st/stm32cubeide_1.12.1/stm32cubeide/plugins/com.st.stm32cube.ide.mcu.externaltools.gnu-tools-for-stm32.10.3-2021.10.win32_1.0.200.202301161003/tools/bin/../lib/gcc/arm-none-eabi/10.3.1/../../../../arm-none-eabi/lib/thumb/v7e-m+fp/hard\libc_nano.a(lib_a-memset.o)